2: SERVER -> CLIENT: 220 smtp.gmail.com ESMTP d9443c01a7336-229785c3819sm39981035ad.87 - gsmtp

1: CLIENT -> SERVER: EHLO localhost

2: SERVER -> CLIENT: 250-smtp.gmail.com at your service, [27.77.44.115]
250-SIZE 35882577
250-8BITMIME
250-STARTTLS
250-ENHANCEDSTATUSCODES
250-PIPELINING
250-CHUNKING
250 SMTPUTF8

1: CLIENT -> SERVER: STARTTLS

2: SERVER -> CLIENT: 220 2.0.0 Ready to start TLS

1: CLIENT -> SERVER: EHLO localhost

2: SERVER -> CLIENT: 250-smtp.gmail.com at your service, [27.77.44.115]
250-SIZE 35882577
250-8BITMIME
250-AUTH LOGIN PLAIN XOAUTH2 PLAIN-CLIENTTOKEN OAUTHBEARER XOAUTH
250-ENHANCEDSTATUSCODES
250-PIPELINING
250-CHUNKING
250 SMTPUTF8

1: CLIENT -> SERVER: AUTH LOGIN

2: SERVER -> CLIENT: 334 VXNlcm5hbWU6

1: CLIENT -> SERVER: [credentials hidden]
2: SERVER -> CLIENT: 334 UGFzc3dvcmQ6

1: CLIENT -> SERVER: [credentials hidden]
2: SERVER -> CLIENT: 535-5.7.8 Username and Password not accepted. For more information, go to
535 5.7.8  https://support.google.com/mail/?p=BadCredentials d9443c01a7336-229785c3819sm39981035ad.87 - gsmtp

1: SMTP ERROR: Password command failed: 535-5.7.8 Username and Password not accepted. For more information, go to
535 5.7.8  https://support.google.com/mail/?p=BadCredentials d9443c01a7336-229785c3819sm39981035ad.87 - gsmtp

2: SMTP Error: Could not authenticate.
1: CLIENT -> SERVER: QUIT

2: SERVER -> CLIENT: 221 2.0.0 closing connection d9443c01a7336-229785c3819sm39981035ad.87 - gsmtp

2: SMTP Error: Could not authenticate.
2: SERVER -> CLIENT: 220 smtp.gmail.com ESMTP 98e67ed59e1d1-3058494ab14sm4299140a91.17 - gsmtp

1: CLIENT -> SERVER: EHLO localhost

2: SERVER -> CLIENT: 250-smtp.gmail.com at your service, [27.77.44.115]
250-SIZE 35882577
250-8BITMIME
250-STARTTLS
250-ENHANCEDSTATUSCODES
250-PIPELINING
250-CHUNKING
250 SMTPUTF8

1: CLIENT -> SERVER: STARTTLS

2: SERVER -> CLIENT: 220 2.0.0 Ready to start TLS

1: CLIENT -> SERVER: EHLO localhost

2: SERVER -> CLIENT: 250-smtp.gmail.com at your service, [27.77.44.115]
250-SIZE 35882577
250-8BITMIME
250-AUTH LOGIN PLAIN XOAUTH2 PLAIN-CLIENTTOKEN OAUTHBEARER XOAUTH
250-ENHANCEDSTATUSCODES
250-PIPELINING
250-CHUNKING
250 SMTPUTF8

1: CLIENT -> SERVER: AUTH LOGIN

2: SERVER -> CLIENT: 334 VXNlcm5hbWU6

1: CLIENT -> SERVER: [credentials hidden]
2: SERVER -> CLIENT: 334 UGFzc3dvcmQ6

1: CLIENT -> SERVER: [credentials hidden]
2: SERVER -> CLIENT: 535-5.7.8 Username and Password not accepted. For more information, go to
535 5.7.8  https://support.google.com/mail/?p=BadCredentials 98e67ed59e1d1-3058494ab14sm4299140a91.17 - gsmtp

1: SMTP ERROR: Password command failed: 535-5.7.8 Username and Password not accepted. For more information, go to
535 5.7.8  https://support.google.com/mail/?p=BadCredentials 98e67ed59e1d1-3058494ab14sm4299140a91.17 - gsmtp

2: SMTP Error: Could not authenticate.
1: CLIENT -> SERVER: QUIT

2: SERVER -> CLIENT: 221 2.0.0 closing connection 98e67ed59e1d1-3058494ab14sm4299140a91.17 - gsmtp

2: SMTP Error: Could not authenticate.
2: SERVER -> CLIENT: 220 smtp.gmail.com ESMTP d9443c01a7336-229785c022esm40051175ad.71 - gsmtp

1: CLIENT -> SERVER: EHLO localhost

2: SERVER -> CLIENT: 250-smtp.gmail.com at your service, [27.77.44.115]
250-SIZE 35882577
250-8BITMIME
250-STARTTLS
250-ENHANCEDSTATUSCODES
250-PIPELINING
250-CHUNKING
250 SMTPUTF8

1: CLIENT -> SERVER: STARTTLS

2: SERVER -> CLIENT: 220 2.0.0 Ready to start TLS

1: CLIENT -> SERVER: EHLO localhost

2: SERVER -> CLIENT: 250-smtp.gmail.com at your service, [27.77.44.115]
250-SIZE 35882577
250-8BITMIME
250-AUTH LOGIN PLAIN XOAUTH2 PLAIN-CLIENTTOKEN OAUTHBEARER XOAUTH
250-ENHANCEDSTATUSCODES
250-PIPELINING
250-CHUNKING
250 SMTPUTF8

1: CLIENT -> SERVER: AUTH LOGIN

2: SERVER -> CLIENT: 334 VXNlcm5hbWU6

1: CLIENT -> SERVER: [credentials hidden]
2: SERVER -> CLIENT: 334 UGFzc3dvcmQ6

1: CLIENT -> SERVER: [credentials hidden]
2: SERVER -> CLIENT: 535-5.7.8 Username and Password not accepted. For more information, go to
535 5.7.8  https://support.google.com/mail/?p=BadCredentials d9443c01a7336-229785c022esm40051175ad.71 - gsmtp

1: SMTP ERROR: Password command failed: 535-5.7.8 Username and Password not accepted. For more information, go to
535 5.7.8  https://support.google.com/mail/?p=BadCredentials d9443c01a7336-229785c022esm40051175ad.71 - gsmtp

2: SMTP Error: Could not authenticate.
1: CLIENT -> SERVER: QUIT

2: SERVER -> CLIENT: 221 2.0.0 closing connection d9443c01a7336-229785c022esm40051175ad.71 - gsmtp

2: SMTP Error: Could not authenticate.
2: SERVER -> CLIENT: 220 smtp.gmail.com ESMTP d9443c01a7336-229785ad9d0sm40007815ad.40 - gsmtp

1: CLIENT -> SERVER: EHLO localhost

2: SERVER -> CLIENT: 250-smtp.gmail.com at your service, [27.77.44.115]
250-SIZE 35882577
250-8BITMIME
250-STARTTLS
250-ENHANCEDSTATUSCODES
250-PIPELINING
250-CHUNKING
250 SMTPUTF8

1: CLIENT -> SERVER: STARTTLS

2: SERVER -> CLIENT: 220 2.0.0 Ready to start TLS

1: CLIENT -> SERVER: EHLO localhost

2: SERVER -> CLIENT: 250-smtp.gmail.com at your service, [27.77.44.115]
250-SIZE 35882577
250-8BITMIME
250-AUTH LOGIN PLAIN XOAUTH2 PLAIN-CLIENTTOKEN OAUTHBEARER XOAUTH
250-ENHANCEDSTATUSCODES
250-PIPELINING
250-CHUNKING
250 SMTPUTF8

1: CLIENT -> SERVER: AUTH LOGIN

2: SERVER -> CLIENT: 334 VXNlcm5hbWU6

1: CLIENT -> SERVER: [credentials hidden]
2: SERVER -> CLIENT: 334 UGFzc3dvcmQ6

1: CLIENT -> SERVER: [credentials hidden]
2: SERVER -> CLIENT: 535-5.7.8 Username and Password not accepted. For more information, go to
535 5.7.8  https://support.google.com/mail/?p=BadCredentials d9443c01a7336-229785ad9d0sm40007815ad.40 - gsmtp

1: SMTP ERROR: Password command failed: 535-5.7.8 Username and Password not accepted. For more information, go to
535 5.7.8  https://support.google.com/mail/?p=BadCredentials d9443c01a7336-229785ad9d0sm40007815ad.40 - gsmtp

2: SMTP Error: Could not authenticate.
1: CLIENT -> SERVER: QUIT

2: SERVER -> CLIENT: 221 2.0.0 closing connection d9443c01a7336-229785ad9d0sm40007815ad.40 - gsmtp

2: SMTP Error: Could not authenticate.
2: SERVER -> CLIENT: 220 smtp.gmail.com ESMTP d9443c01a7336-2297866eca9sm39887005ad.170 - gsmtp

1: CLIENT -> SERVER: EHLO localhost

2: SERVER -> CLIENT: 250-smtp.gmail.com at your service, [27.77.44.115]
250-SIZE 35882577
250-8BITMIME
250-STARTTLS
250-ENHANCEDSTATUSCODES
250-PIPELINING
250-CHUNKING
250 SMTPUTF8

1: CLIENT -> SERVER: STARTTLS

2: SERVER -> CLIENT: 220 2.0.0 Ready to start TLS

1: CLIENT -> SERVER: EHLO localhost

2: SERVER -> CLIENT: 250-smtp.gmail.com at your service, [27.77.44.115]
250-SIZE 35882577
250-8BITMIME
250-AUTH LOGIN PLAIN XOAUTH2 PLAIN-CLIENTTOKEN OAUTHBEARER XOAUTH
250-ENHANCEDSTATUSCODES
250-PIPELINING
250-CHUNKING
250 SMTPUTF8

1: CLIENT -> SERVER: AUTH LOGIN

2: SERVER -> CLIENT: 334 VXNlcm5hbWU6

1: CLIENT -> SERVER: [credentials hidden]
2: SERVER -> CLIENT: 334 UGFzc3dvcmQ6

1: CLIENT -> SERVER: [credentials hidden]
2: SERVER -> CLIENT: 535-5.7.8 Username and Password not accepted. For more information, go to
535 5.7.8  https://support.google.com/mail/?p=BadCredentials d9443c01a7336-2297866eca9sm39887005ad.170 - gsmtp

1: SMTP ERROR: Password command failed: 535-5.7.8 Username and Password not accepted. For more information, go to
535 5.7.8  https://support.google.com/mail/?p=BadCredentials d9443c01a7336-2297866eca9sm39887005ad.170 - gsmtp

2: SMTP Error: Could not authenticate.
1: CLIENT -> SERVER: QUIT

2: SERVER -> CLIENT: 221 2.0.0 closing connection d9443c01a7336-2297866eca9sm39887005ad.170 - gsmtp

2: SMTP Error: Could not authenticate.
2: SERVER -> CLIENT: 220 smtp.gmail.com ESMTP d9443c01a7336-229785c0127sm40071925ad.91 - gsmtp

1: CLIENT -> SERVER: EHLO localhost

2: SERVER -> CLIENT: 250-smtp.gmail.com at your service, [27.77.44.115]
250-SIZE 35882577
250-8BITMIME
250-STARTTLS
250-ENHANCEDSTATUSCODES
250-PIPELINING
250-CHUNKING
250 SMTPUTF8

1: CLIENT -> SERVER: STARTTLS

2: SERVER -> CLIENT: 220 2.0.0 Ready to start TLS

1: CLIENT -> SERVER: EHLO localhost

2: SERVER -> CLIENT: 250-smtp.gmail.com at your service, [27.77.44.115]
250-SIZE 35882577
250-8BITMIME
250-AUTH LOGIN PLAIN XOAUTH2 PLAIN-CLIENTTOKEN OAUTHBEARER XOAUTH
250-ENHANCEDSTATUSCODES
250-PIPELINING
250-CHUNKING
250 SMTPUTF8

1: CLIENT -> SERVER: AUTH LOGIN

2: SERVER -> CLIENT: 334 VXNlcm5hbWU6

1: CLIENT -> SERVER: [credentials hidden]
2: SERVER -> CLIENT: 334 UGFzc3dvcmQ6

1: CLIENT -> SERVER: [credentials hidden]
2: SERVER -> CLIENT: 535-5.7.8 Username and Password not accepted. For more information, go to
535 5.7.8  https://support.google.com/mail/?p=BadCredentials d9443c01a7336-229785c0127sm40071925ad.91 - gsmtp

1: SMTP ERROR: Password command failed: 535-5.7.8 Username and Password not accepted. For more information, go to
535 5.7.8  https://support.google.com/mail/?p=BadCredentials d9443c01a7336-229785c0127sm40071925ad.91 - gsmtp

2: SMTP Error: Could not authenticate.
1: CLIENT -> SERVER: QUIT

2: SERVER -> CLIENT: 221 2.0.0 closing connection d9443c01a7336-229785c0127sm40071925ad.91 - gsmtp

2: SMTP Error: Could not authenticate.
2: SERVER -> CLIENT: 220 smtp.gmail.com ESMTP 98e67ed59e1d1-3057ca4b200sm4491500a91.20 - gsmtp

1: CLIENT -> SERVER: EHLO localhost

2: SERVER -> CLIENT: 250-smtp.gmail.com at your service, [27.77.44.115]
250-SIZE 35882577
250-8BITMIME
250-STARTTLS
250-ENHANCEDSTATUSCODES
250-PIPELINING
250-CHUNKING
250 SMTPUTF8

1: CLIENT -> SERVER: STARTTLS

2: SERVER -> CLIENT: 220 2.0.0 Ready to start TLS

1: CLIENT -> SERVER: EHLO localhost

2: SERVER -> CLIENT: 250-smtp.gmail.com at your service, [27.77.44.115]
250-SIZE 35882577
250-8BITMIME
250-AUTH LOGIN PLAIN XOAUTH2 PLAIN-CLIENTTOKEN OAUTHBEARER XOAUTH
250-ENHANCEDSTATUSCODES
250-PIPELINING
250-CHUNKING
250 SMTPUTF8

1: CLIENT -> SERVER: AUTH LOGIN

2: SERVER -> CLIENT: 334 VXNlcm5hbWU6

1: CLIENT -> SERVER: [credentials hidden]
2: SERVER -> CLIENT: 334 UGFzc3dvcmQ6

1: CLIENT -> SERVER: [credentials hidden]
2: SERVER -> CLIENT: 235 2.7.0 Accepted

1: CLIENT -> SERVER: MAIL FROM:<dongtao805@gmail.com>

2: SERVER -> CLIENT: 250 2.1.0 OK 98e67ed59e1d1-3057ca4b200sm4491500a91.20 - gsmtp

1: CLIENT -> SERVER: RCPT TO:<dongtao805@gmail.com>

2: SERVER -> CLIENT: 250 2.1.5 OK 98e67ed59e1d1-3057ca4b200sm4491500a91.20 - gsmtp

1: CLIENT -> SERVER: DATA

2: SERVER -> CLIENT: 354 Go ahead 98e67ed59e1d1-3057ca4b200sm4491500a91.20 - gsmtp

1: CLIENT -> SERVER: Date: Sat, 5 Apr 2025 04:39:48 +0200

1: CLIENT -> SERVER: To: dongtao805@gmail.com

1: CLIENT -> SERVER: From: Kanban App <dongtao805@gmail.com>

1: CLIENT -> SERVER: Subject: =?iso-8859-1?Q?Th=C3=B4ng_b=C3=A1o:_Th=E1=BA=BB_g=E1=BA=A7n_h=E1=BA=BFt_h=E1=BA=A1n_-_Test_Card?=

1: CLIENT -> SERVER: Message-ID: <aQE48gOiM76FHLGvj4KDxiwPOOOaF18vH6P9IPcKQI@localhost>

1: CLIENT -> SERVER: X-Mailer: PHPMailer 6.9.3 (https://github.com/PHPMailer/PHPMailer)

1: CLIENT -> SERVER: MIME-Version: 1.0

1: CLIENT -> SERVER: Content-Type: text/html; charset=iso-8859-1

1: CLIENT -> SERVER: Content-Transfer-Encoding: 8bit

1: CLIENT -> SERVER: 

1: CLIENT -> SERVER: 

1: CLIENT -> SERVER:             <h3>Thẻ gần hết hạn</h3>

1: CLIENT -> SERVER:             <p><strong>Tên thẻ:</strong> Test Card</p>

1: CLIENT -> SERVER:             <p><strong>Hạn chót:</strong> 05/04/2025 12:00</p>

1: CLIENT -> SERVER:             <p>Vui lòng kiểm tra và hoàn thành thẻ trước khi hết hạn!</p>

1: CLIENT -> SERVER:         

1: CLIENT -> SERVER: 

1: CLIENT -> SERVER: .

2: SERVER -> CLIENT: 250 2.0.0 OK  1743820792 98e67ed59e1d1-3057ca4b200sm4491500a91.20 - gsmtp

1: CLIENT -> SERVER: QUIT

2: SERVER -> CLIENT: 221 2.0.0 closing connection 98e67ed59e1d1-3057ca4b200sm4491500a91.20 - gsmtp

2: SERVER -> CLIENT: 220 smtp.gmail.com ESMTP 98e67ed59e1d1-3057ca1f0bfsm4481192a91.10 - gsmtp

1: CLIENT -> SERVER: EHLO localhost

2: SERVER -> CLIENT: 250-smtp.gmail.com at your service, [27.77.44.115]
250-SIZE 35882577
250-8BITMIME
250-STARTTLS
250-ENHANCEDSTATUSCODES
250-PIPELINING
250-CHUNKING
250 SMTPUTF8

1: CLIENT -> SERVER: STARTTLS

2: SERVER -> CLIENT: 220 2.0.0 Ready to start TLS

1: CLIENT -> SERVER: EHLO localhost

2: SERVER -> CLIENT: 250-smtp.gmail.com at your service, [27.77.44.115]
250-SIZE 35882577
250-8BITMIME
250-AUTH LOGIN PLAIN XOAUTH2 PLAIN-CLIENTTOKEN OAUTHBEARER XOAUTH
250-ENHANCEDSTATUSCODES
250-PIPELINING
250-CHUNKING
250 SMTPUTF8

1: CLIENT -> SERVER: AUTH LOGIN

2: SERVER -> CLIENT: 334 VXNlcm5hbWU6

1: CLIENT -> SERVER: [credentials hidden]
2: SERVER -> CLIENT: 334 UGFzc3dvcmQ6

1: CLIENT -> SERVER: [credentials hidden]
2: SERVER -> CLIENT: 235 2.7.0 Accepted

1: CLIENT -> SERVER: MAIL FROM:<dongtao805@gmail.com>

2: SERVER -> CLIENT: 250 2.1.0 OK 98e67ed59e1d1-3057ca1f0bfsm4481192a91.10 - gsmtp

1: CLIENT -> SERVER: RCPT TO:<dongtao805@gmail.com>

2: SERVER -> CLIENT: 250 2.1.5 OK 98e67ed59e1d1-3057ca1f0bfsm4481192a91.10 - gsmtp

1: CLIENT -> SERVER: DATA

2: SERVER -> CLIENT: 354 Go ahead 98e67ed59e1d1-3057ca1f0bfsm4481192a91.10 - gsmtp

1: CLIENT -> SERVER: Date: Sat, 5 Apr 2025 04:39:51 +0200

1: CLIENT -> SERVER: To: dongtao805@gmail.com

1: CLIENT -> SERVER: From: Kanban App <dongtao805@gmail.com>

1: CLIENT -> SERVER: Subject: =?iso-8859-1?Q?Th=C3=B4ng_b=C3=A1o:_Th=E1=BA=BB_g=E1=BA=A7n_h=E1=BA=BFt_h=E1=BA=A1n_-_Test_Card?=

1: CLIENT -> SERVER: Message-ID: <4nLhCnrEmMQprpE2HoPcBLabhUmeBIertZcpjaIVFw@localhost>

1: CLIENT -> SERVER: X-Mailer: PHPMailer 6.9.3 (https://github.com/PHPMailer/PHPMailer)

1: CLIENT -> SERVER: MIME-Version: 1.0

1: CLIENT -> SERVER: Content-Type: text/html; charset=iso-8859-1

1: CLIENT -> SERVER: Content-Transfer-Encoding: 8bit

1: CLIENT -> SERVER: 

1: CLIENT -> SERVER: 

1: CLIENT -> SERVER:             <h3>Thẻ gần hết hạn</h3>

1: CLIENT -> SERVER:             <p><strong>Tên thẻ:</strong> Test Card</p>

1: CLIENT -> SERVER:             <p><strong>Hạn chót:</strong> 05/04/2025 12:00</p>

1: CLIENT -> SERVER:             <p>Vui lòng kiểm tra và hoàn thành thẻ trước khi hết hạn!</p>

1: CLIENT -> SERVER:         

1: CLIENT -> SERVER: 

1: CLIENT -> SERVER: .

2: SERVER -> CLIENT: 250 2.0.0 OK  1743820796 98e67ed59e1d1-3057ca1f0bfsm4481192a91.10 - gsmtp

1: CLIENT -> SERVER: QUIT

2: SERVER -> CLIENT: 221 2.0.0 closing connection 98e67ed59e1d1-3057ca1f0bfsm4481192a91.10 - gsmtp

2: SERVER -> CLIENT: 220 smtp.gmail.com ESMTP d2e1a72fcca58-739d97ee781sm4192510b3a.42 - gsmtp

1: CLIENT -> SERVER: EHLO localhost

2: SERVER -> CLIENT: 250-smtp.gmail.com at your service, [27.77.44.115]
250-SIZE 35882577
250-8BITMIME
250-STARTTLS
250-ENHANCEDSTATUSCODES
250-PIPELINING
250-CHUNKING
250 SMTPUTF8

1: CLIENT -> SERVER: STARTTLS

2: SERVER -> CLIENT: 220 2.0.0 Ready to start TLS

1: CLIENT -> SERVER: EHLO localhost

2: SERVER -> CLIENT: 250-smtp.gmail.com at your service, [27.77.44.115]
250-SIZE 35882577
250-8BITMIME
250-AUTH LOGIN PLAIN XOAUTH2 PLAIN-CLIENTTOKEN OAUTHBEARER XOAUTH
250-ENHANCEDSTATUSCODES
250-PIPELINING
250-CHUNKING
250 SMTPUTF8

1: CLIENT -> SERVER: AUTH LOGIN

2: SERVER -> CLIENT: 334 VXNlcm5hbWU6

1: CLIENT -> SERVER: [credentials hidden]
2: SERVER -> CLIENT: 334 UGFzc3dvcmQ6

1: CLIENT -> SERVER: [credentials hidden]
2: SERVER -> CLIENT: 235 2.7.0 Accepted

1: CLIENT -> SERVER: MAIL FROM:<dongtao805@gmail.com>

2: SERVER -> CLIENT: 250 2.1.0 OK d2e1a72fcca58-739d97ee781sm4192510b3a.42 - gsmtp

1: CLIENT -> SERVER: RCPT TO:<dongtao805@gmail.com>

2: SERVER -> CLIENT: 250 2.1.5 OK d2e1a72fcca58-739d97ee781sm4192510b3a.42 - gsmtp

1: CLIENT -> SERVER: DATA

2: SERVER -> CLIENT: 354 Go ahead d2e1a72fcca58-739d97ee781sm4192510b3a.42 - gsmtp

1: CLIENT -> SERVER: Date: Sat, 5 Apr 2025 04:40:32 +0200

1: CLIENT -> SERVER: To: dongtao805@gmail.com

1: CLIENT -> SERVER: From: Kanban App <dongtao805@gmail.com>

1: CLIENT -> SERVER: Subject: =?iso-8859-1?Q?Th=C3=B4ng_b=C3=A1o:_Th=E1=BA=BB_g=E1=BA=A7n_h=E1=BA=BFt_h=E1=BA=A1n_-_Test_Card?=

1: CLIENT -> SERVER: Message-ID: <yGMjDhSBisULygaaA47fGLHlbmfChS2zrDnjnsmYJuM@localhost>

1: CLIENT -> SERVER: X-Mailer: PHPMailer 6.9.3 (https://github.com/PHPMailer/PHPMailer)

1: CLIENT -> SERVER: MIME-Version: 1.0

1: CLIENT -> SERVER: Content-Type: text/html; charset=iso-8859-1

1: CLIENT -> SERVER: Content-Transfer-Encoding: 8bit

1: CLIENT -> SERVER: 

1: CLIENT -> SERVER: 

1: CLIENT -> SERVER:             <h3>Thẻ gần hết hạn</h3>

1: CLIENT -> SERVER:             <p><strong>Tên thẻ:</strong> Test Card</p>

1: CLIENT -> SERVER:             <p><strong>Hạn chót:</strong> 05/04/2025 12:00</p>

1: CLIENT -> SERVER:             <p>Vui lòng kiểm tra và hoàn thành thẻ trước khi hết hạn!</p>

1: CLIENT -> SERVER:         

1: CLIENT -> SERVER: 

1: CLIENT -> SERVER: .

2: SERVER -> CLIENT: 250 2.0.0 OK  1743820836 d2e1a72fcca58-739d97ee781sm4192510b3a.42 - gsmtp

1: CLIENT -> SERVER: QUIT

2: SERVER -> CLIENT: 221 2.0.0 closing connection d2e1a72fcca58-739d97ee781sm4192510b3a.42 - gsmtp

2: SERVER -> CLIENT: 220 smtp.gmail.com ESMTP d2e1a72fcca58-739da0b3f32sm4201041b3a.124 - gsmtp

1: CLIENT -> SERVER: EHLO localhost

2: SERVER -> CLIENT: 250-smtp.gmail.com at your service, [27.77.44.115]
250-SIZE 35882577
250-8BITMIME
250-STARTTLS
250-ENHANCEDSTATUSCODES
250-PIPELINING
250-CHUNKING
250 SMTPUTF8

1: CLIENT -> SERVER: STARTTLS

2: SERVER -> CLIENT: 220 2.0.0 Ready to start TLS

1: CLIENT -> SERVER: EHLO localhost

2: SERVER -> CLIENT: 250-smtp.gmail.com at your service, [27.77.44.115]
250-SIZE 35882577
250-8BITMIME
250-AUTH LOGIN PLAIN XOAUTH2 PLAIN-CLIENTTOKEN OAUTHBEARER XOAUTH
250-ENHANCEDSTATUSCODES
250-PIPELINING
250-CHUNKING
250 SMTPUTF8

1: CLIENT -> SERVER: AUTH LOGIN

2: SERVER -> CLIENT: 334 VXNlcm5hbWU6

1: CLIENT -> SERVER: [credentials hidden]
2: SERVER -> CLIENT: 334 UGFzc3dvcmQ6

1: CLIENT -> SERVER: [credentials hidden]
2: SERVER -> CLIENT: 235 2.7.0 Accepted

1: CLIENT -> SERVER: MAIL FROM:<dongtao805@gmail.com>

2: SERVER -> CLIENT: 250 2.1.0 OK d2e1a72fcca58-739da0b3f32sm4201041b3a.124 - gsmtp

1: CLIENT -> SERVER: RCPT TO:<dongtao805@gmail.com>

2: SERVER -> CLIENT: 250 2.1.5 OK d2e1a72fcca58-739da0b3f32sm4201041b3a.124 - gsmtp

1: CLIENT -> SERVER: DATA

2: SERVER -> CLIENT: 354 Go ahead d2e1a72fcca58-739da0b3f32sm4201041b3a.124 - gsmtp

1: CLIENT -> SERVER: Date: Sat, 5 Apr 2025 04:41:10 +0200

1: CLIENT -> SERVER: To: dongtao805@gmail.com

1: CLIENT -> SERVER: From: Task Manager <dongtao805@gmail.com>

1: CLIENT -> SERVER: Subject: =?iso-8859-1?Q?Th=C3=B4ng_b=C3=A1o:_Th=E1=BA=BB_g=E1=BA=A7n_h=E1=BA=BFt_h=E1=BA=A1n_-_Test_Card?=

1: CLIENT -> SERVER: Message-ID: <UrzI824pCFG6aRGgYRdYPAA9qlBXcQYLs1YEbHMJ8Rs@localhost>

1: CLIENT -> SERVER: X-Mailer: PHPMailer 6.9.3 (https://github.com/PHPMailer/PHPMailer)

1: CLIENT -> SERVER: MIME-Version: 1.0

1: CLIENT -> SERVER: Content-Type: text/html; charset=iso-8859-1

1: CLIENT -> SERVER: Content-Transfer-Encoding: 8bit

1: CLIENT -> SERVER: 

1: CLIENT -> SERVER: 

1: CLIENT -> SERVER:             <h3>Thẻ gần hết hạn</h3>

1: CLIENT -> SERVER:             <p><strong>Tên thẻ:</strong> Test Card</p>

1: CLIENT -> SERVER:             <p><strong>Hạn chót:</strong> 05/04/2025 12:00</p>

1: CLIENT -> SERVER:             <p>Vui lòng kiểm tra và hoàn thành thẻ trước khi hết hạn!</p>

1: CLIENT -> SERVER:         

1: CLIENT -> SERVER: 

1: CLIENT -> SERVER: .

2: SERVER -> CLIENT: 250 2.0.0 OK  1743820874 d2e1a72fcca58-739da0b3f32sm4201041b3a.124 - gsmtp

1: CLIENT -> SERVER: QUIT

2: SERVER -> CLIENT: 221 2.0.0 closing connection d2e1a72fcca58-739da0b3f32sm4201041b3a.124 - gsmtp

2: SERVER -> CLIENT: 220 smtp.gmail.com ESMTP d2e1a72fcca58-739d97d1792sm4210046b3a.35 - gsmtp

1: CLIENT -> SERVER: EHLO localhost

2: SERVER -> CLIENT: 250-smtp.gmail.com at your service, [27.77.44.115]
250-SIZE 35882577
250-8BITMIME
250-STARTTLS
250-ENHANCEDSTATUSCODES
250-PIPELINING
250-CHUNKING
250 SMTPUTF8

1: CLIENT -> SERVER: STARTTLS

2: SERVER -> CLIENT: 220 2.0.0 Ready to start TLS

1: CLIENT -> SERVER: EHLO localhost

2: SERVER -> CLIENT: 250-smtp.gmail.com at your service, [27.77.44.115]
250-SIZE 35882577
250-8BITMIME
250-AUTH LOGIN PLAIN XOAUTH2 PLAIN-CLIENTTOKEN OAUTHBEARER XOAUTH
250-ENHANCEDSTATUSCODES
250-PIPELINING
250-CHUNKING
250 SMTPUTF8

1: CLIENT -> SERVER: AUTH LOGIN

2: SERVER -> CLIENT: 334 VXNlcm5hbWU6

1: CLIENT -> SERVER: [credentials hidden]
2: SERVER -> CLIENT: 334 UGFzc3dvcmQ6

1: CLIENT -> SERVER: [credentials hidden]
2: SERVER -> CLIENT: 235 2.7.0 Accepted

1: CLIENT -> SERVER: MAIL FROM:<dongtao805@gmail.com>

2: SERVER -> CLIENT: 250 2.1.0 OK d2e1a72fcca58-739d97d1792sm4210046b3a.35 - gsmtp

1: CLIENT -> SERVER: RCPT TO:<dongtao805@gmail.com>

2: SERVER -> CLIENT: 250 2.1.5 OK d2e1a72fcca58-739d97d1792sm4210046b3a.35 - gsmtp

1: CLIENT -> SERVER: DATA

2: SERVER -> CLIENT: 354 Go ahead d2e1a72fcca58-739d97d1792sm4210046b3a.35 - gsmtp

1: CLIENT -> SERVER: Date: Sat, 5 Apr 2025 04:42:11 +0200

1: CLIENT -> SERVER: To: dongtao805@gmail.com

1: CLIENT -> SERVER: From: Task Manager <dongtao805@gmail.com>

1: CLIENT -> SERVER: Subject: =?iso-8859-1?Q?Th=C3=B4ng_b=C3=A1o:_Th=E1=BA=BB_g=E1=BA=A7n_h=E1=BA=BFt_h=E1=BA=A1n_-_Test_Card?=

1: CLIENT -> SERVER: Message-ID: <G3OtIoiglGWKbrCjt08h6bkofINOXKsNu91epI51w@localhost>

1: CLIENT -> SERVER: X-Mailer: PHPMailer 6.9.3 (https://github.com/PHPMailer/PHPMailer)

1: CLIENT -> SERVER: MIME-Version: 1.0

1: CLIENT -> SERVER: Content-Type: text/html; charset=iso-8859-1

1: CLIENT -> SERVER: Content-Transfer-Encoding: 8bit

1: CLIENT -> SERVER: 

1: CLIENT -> SERVER: 

1: CLIENT -> SERVER:             <h3>Thẻ gần hết hạn</h3>

1: CLIENT -> SERVER:             <p><strong>Tên thẻ:</strong> Test Card</p>

1: CLIENT -> SERVER:             <p><strong>Hạn chót:</strong> 05/04/2025 12:00</p>

1: CLIENT -> SERVER:             <p>Vui lòng kiểm tra và hoàn thành thẻ trước khi hết hạn!</p>

1: CLIENT -> SERVER:         

1: CLIENT -> SERVER: 

1: CLIENT -> SERVER: .

2: SERVER -> CLIENT: 250 2.0.0 OK  1743820935 d2e1a72fcca58-739d97d1792sm4210046b3a.35 - gsmtp

1: CLIENT -> SERVER: QUIT

2: SERVER -> CLIENT: 221 2.0.0 closing connection d2e1a72fcca58-739d97d1792sm4210046b3a.35 - gsmtp

2: SERVER -> CLIENT: 220 smtp.gmail.com ESMTP 41be03b00d2f7-af9bc41c626sm2977886a12.78 - gsmtp

1: CLIENT -> SERVER: EHLO localhost

2: SERVER -> CLIENT: 250-smtp.gmail.com at your service, [27.77.44.115]
250-SIZE 35882577
250-8BITMIME
250-STARTTLS
250-ENHANCEDSTATUSCODES
250-PIPELINING
250-CHUNKING
250 SMTPUTF8

1: CLIENT -> SERVER: STARTTLS

2: SERVER -> CLIENT: 220 2.0.0 Ready to start TLS

1: CLIENT -> SERVER: EHLO localhost

2: SERVER -> CLIENT: 250-smtp.gmail.com at your service, [27.77.44.115]
250-SIZE 35882577
250-8BITMIME
250-AUTH LOGIN PLAIN XOAUTH2 PLAIN-CLIENTTOKEN OAUTHBEARER XOAUTH
250-ENHANCEDSTATUSCODES
250-PIPELINING
250-CHUNKING
250 SMTPUTF8

1: CLIENT -> SERVER: AUTH LOGIN

2: SERVER -> CLIENT: 334 VXNlcm5hbWU6

1: CLIENT -> SERVER: [credentials hidden]
2: SERVER -> CLIENT: 334 UGFzc3dvcmQ6

1: CLIENT -> SERVER: [credentials hidden]
2: SERVER -> CLIENT: 235 2.7.0 Accepted

1: CLIENT -> SERVER: MAIL FROM:<dongtao805@gmail.com>

2: SERVER -> CLIENT: 250 2.1.0 OK 41be03b00d2f7-af9bc41c626sm2977886a12.78 - gsmtp

1: CLIENT -> SERVER: RCPT TO:<dongtao805@gmail.com>

2: SERVER -> CLIENT: 250 2.1.5 OK 41be03b00d2f7-af9bc41c626sm2977886a12.78 - gsmtp

1: CLIENT -> SERVER: DATA

2: SERVER -> CLIENT: 354 Go ahead 41be03b00d2f7-af9bc41c626sm2977886a12.78 - gsmtp

1: CLIENT -> SERVER: Date: Sat, 5 Apr 2025 04:42:14 +0200

1: CLIENT -> SERVER: To: dongtao805@gmail.com

1: CLIENT -> SERVER: From: Task Manager <dongtao805@gmail.com>

1: CLIENT -> SERVER: Subject: =?iso-8859-1?Q?Th=C3=B4ng_b=C3=A1o:_Th=E1=BA=BB_g=E1=BA=A7n_h=E1=BA=BFt_h=E1=BA=A1n_-_Test_Card?=

1: CLIENT -> SERVER: Message-ID: <8Binji8lsVfdnMGaCe2pMI9xGKCfkCot8ZNpxA4WU@localhost>

1: CLIENT -> SERVER: X-Mailer: PHPMailer 6.9.3 (https://github.com/PHPMailer/PHPMailer)

1: CLIENT -> SERVER: MIME-Version: 1.0

1: CLIENT -> SERVER: Content-Type: text/html; charset=iso-8859-1

1: CLIENT -> SERVER: Content-Transfer-Encoding: 8bit

1: CLIENT -> SERVER: 

1: CLIENT -> SERVER: 

1: CLIENT -> SERVER:             <h3>Thẻ gần hết hạn</h3>

1: CLIENT -> SERVER:             <p><strong>Tên thẻ:</strong> Test Card</p>

1: CLIENT -> SERVER:             <p><strong>Hạn chót:</strong> 05/04/2025 12:00</p>

1: CLIENT -> SERVER:             <p>Vui lòng kiểm tra và hoàn thành thẻ trước khi hết hạn!</p>

1: CLIENT -> SERVER:         

1: CLIENT -> SERVER: 

1: CLIENT -> SERVER: .

2: SERVER -> CLIENT: 250 2.0.0 OK  1743820939 41be03b00d2f7-af9bc41c626sm2977886a12.78 - gsmtp

1: CLIENT -> SERVER: QUIT

2: SERVER -> CLIENT: 221 2.0.0 closing connection 41be03b00d2f7-af9bc41c626sm2977886a12.78 - gsmtp

2: SERVER -> CLIENT: 220 smtp.gmail.com ESMTP d9443c01a7336-2297866e4c2sm39963155ad.199 - gsmtp

1: CLIENT -> SERVER: EHLO localhost

2: SERVER -> CLIENT: 250-smtp.gmail.com at your service, [27.77.44.115]
250-SIZE 35882577
250-8BITMIME
250-STARTTLS
250-ENHANCEDSTATUSCODES
250-PIPELINING
250-CHUNKING
250 SMTPUTF8

1: CLIENT -> SERVER: STARTTLS

2: SERVER -> CLIENT: 220 2.0.0 Ready to start TLS

1: CLIENT -> SERVER: EHLO localhost

2: SERVER -> CLIENT: 250-smtp.gmail.com at your service, [27.77.44.115]
250-SIZE 35882577
250-8BITMIME
250-AUTH LOGIN PLAIN XOAUTH2 PLAIN-CLIENTTOKEN OAUTHBEARER XOAUTH
250-ENHANCEDSTATUSCODES
250-PIPELINING
250-CHUNKING
250 SMTPUTF8

1: CLIENT -> SERVER: AUTH LOGIN

2: SERVER -> CLIENT: 334 VXNlcm5hbWU6

1: CLIENT -> SERVER: [credentials hidden]
2: SERVER -> CLIENT: 334 UGFzc3dvcmQ6

1: CLIENT -> SERVER: [credentials hidden]
2: SERVER -> CLIENT: 235 2.7.0 Accepted

1: CLIENT -> SERVER: MAIL FROM:<dongtao805@gmail.com>

2: SERVER -> CLIENT: 250 2.1.0 OK d9443c01a7336-2297866e4c2sm39963155ad.199 - gsmtp

1: CLIENT -> SERVER: RCPT TO:<dongtao805@gmail.com>

2: SERVER -> CLIENT: 250 2.1.5 OK d9443c01a7336-2297866e4c2sm39963155ad.199 - gsmtp

1: CLIENT -> SERVER: DATA

2: SERVER -> CLIENT: 354 Go ahead d9443c01a7336-2297866e4c2sm39963155ad.199 - gsmtp

1: CLIENT -> SERVER: Date: Sat, 5 Apr 2025 04:46:24 +0200

1: CLIENT -> SERVER: To: dongtao805@gmail.com

1: CLIENT -> SERVER: From: Task Manager <dongtao805@gmail.com>

1: CLIENT -> SERVER: Subject: =?iso-8859-1?Q?Th=C3=B4ng_b=C3=A1o:_Th=E1=BA=BB_g=E1=BA=A7n_h=E1=BA=BFt_h=E1=BA=A1n_-_Test_Card?=

1: CLIENT -> SERVER: Message-ID: <vCJRoRHMrUOM8joA1BzszWGH5wzA1uVj4T2KRUo8A3Y@localhost>

1: CLIENT -> SERVER: X-Mailer: PHPMailer 6.9.3 (https://github.com/PHPMailer/PHPMailer)

1: CLIENT -> SERVER: MIME-Version: 1.0

1: CLIENT -> SERVER: Content-Type: text/html; charset=iso-8859-1

1: CLIENT -> SERVER: Content-Transfer-Encoding: 8bit

1: CLIENT -> SERVER: 

1: CLIENT -> SERVER: 

1: CLIENT -> SERVER:             <h3>Thẻ gần hết hạn</h3>

1: CLIENT -> SERVER:             <p><strong>Tên thẻ:</strong> Test Card</p>

1: CLIENT -> SERVER:             <p><strong>Hạn chót:</strong> 05/04/2025 12:00</p>

1: CLIENT -> SERVER:             <p>Vui lòng kiểm tra và hoàn thành thẻ trước khi hết hạn!</p>

1: CLIENT -> SERVER:         

1: CLIENT -> SERVER: 

1: CLIENT -> SERVER: .

2: SERVER -> CLIENT: 250 2.0.0 OK  1743821188 d9443c01a7336-2297866e4c2sm39963155ad.199 - gsmtp

1: CLIENT -> SERVER: QUIT

2: SERVER -> CLIENT: 221 2.0.0 closing connection d9443c01a7336-2297866e4c2sm39963155ad.199 - gsmtp

2: SERVER -> CLIENT: 220 smtp.gmail.com ESMTP d2e1a72fcca58-739da0b2d76sm4202140b3a.122 - gsmtp

1: CLIENT -> SERVER: EHLO localhost

2: SERVER -> CLIENT: 250-smtp.gmail.com at your service, [27.77.44.115]
250-SIZE 35882577
250-8BITMIME
250-STARTTLS
250-ENHANCEDSTATUSCODES
250-PIPELINING
250-CHUNKING
250 SMTPUTF8

1: CLIENT -> SERVER: STARTTLS

2: SERVER -> CLIENT: 220 2.0.0 Ready to start TLS

1: CLIENT -> SERVER: EHLO localhost

2: SERVER -> CLIENT: 250-smtp.gmail.com at your service, [27.77.44.115]
250-SIZE 35882577
250-8BITMIME
250-AUTH LOGIN PLAIN XOAUTH2 PLAIN-CLIENTTOKEN OAUTHBEARER XOAUTH
250-ENHANCEDSTATUSCODES
250-PIPELINING
250-CHUNKING
250 SMTPUTF8

1: CLIENT -> SERVER: AUTH LOGIN

2: SERVER -> CLIENT: 334 VXNlcm5hbWU6

1: CLIENT -> SERVER: [credentials hidden]
2: SERVER -> CLIENT: 334 UGFzc3dvcmQ6

1: CLIENT -> SERVER: [credentials hidden]
2: SERVER -> CLIENT: 535-5.7.8 Username and Password not accepted. For more information, go to
535 5.7.8  https://support.google.com/mail/?p=BadCredentials d2e1a72fcca58-739da0b2d76sm4202140b3a.122 - gsmtp

1: SMTP ERROR: Password command failed: 535-5.7.8 Username and Password not accepted. For more information, go to
535 5.7.8  https://support.google.com/mail/?p=BadCredentials d2e1a72fcca58-739da0b2d76sm4202140b3a.122 - gsmtp

2: SMTP Error: Could not authenticate.
1: CLIENT -> SERVER: QUIT

2: SERVER -> CLIENT: 221 2.0.0 closing connection d2e1a72fcca58-739da0b2d76sm4202140b3a.122 - gsmtp

2: SMTP Error: Could not authenticate.
2: SERVER -> CLIENT: 220 smtp.gmail.com ESMTP 98e67ed59e1d1-305983d7f2fsm4281273a91.42 - gsmtp

1: CLIENT -> SERVER: EHLO localhost

2: SERVER -> CLIENT: 250-smtp.gmail.com at your service, [27.77.44.115]
250-SIZE 35882577
250-8BITMIME
250-STARTTLS
250-ENHANCEDSTATUSCODES
250-PIPELINING
250-CHUNKING
250 SMTPUTF8

1: CLIENT -> SERVER: STARTTLS

2: SERVER -> CLIENT: 220 2.0.0 Ready to start TLS

1: CLIENT -> SERVER: EHLO localhost

2: SERVER -> CLIENT: 250-smtp.gmail.com at your service, [27.77.44.115]
250-SIZE 35882577
250-8BITMIME
250-AUTH LOGIN PLAIN XOAUTH2 PLAIN-CLIENTTOKEN OAUTHBEARER XOAUTH
250-ENHANCEDSTATUSCODES
250-PIPELINING
250-CHUNKING
250 SMTPUTF8

1: CLIENT -> SERVER: AUTH LOGIN

2: SERVER -> CLIENT: 334 VXNlcm5hbWU6

1: CLIENT -> SERVER: [credentials hidden]
2: SERVER -> CLIENT: 334 UGFzc3dvcmQ6

1: CLIENT -> SERVER: [credentials hidden]
2: SERVER -> CLIENT: 535-5.7.8 Username and Password not accepted. For more information, go to
535 5.7.8  https://support.google.com/mail/?p=BadCredentials 98e67ed59e1d1-305983d7f2fsm4281273a91.42 - gsmtp

1: SMTP ERROR: Password command failed: 535-5.7.8 Username and Password not accepted. For more information, go to
535 5.7.8  https://support.google.com/mail/?p=BadCredentials 98e67ed59e1d1-305983d7f2fsm4281273a91.42 - gsmtp

2: SMTP Error: Could not authenticate.
1: CLIENT -> SERVER: QUIT

2: SERVER -> CLIENT: 221 2.0.0 closing connection 98e67ed59e1d1-305983d7f2fsm4281273a91.42 - gsmtp

2: SMTP Error: Could not authenticate.
2: SERVER -> CLIENT: 220 smtp.gmail.com ESMTP 98e67ed59e1d1-30562c62764sm6184763a91.1 - gsmtp

1: CLIENT -> SERVER: EHLO localhost

2: SERVER -> CLIENT: 250-smtp.gmail.com at your service, [27.77.44.115]
250-SIZE 35882577
250-8BITMIME
250-STARTTLS
250-ENHANCEDSTATUSCODES
250-PIPELINING
250-CHUNKING
250 SMTPUTF8

1: CLIENT -> SERVER: STARTTLS

2: SERVER -> CLIENT: 220 2.0.0 Ready to start TLS

1: CLIENT -> SERVER: EHLO localhost

2: SERVER -> CLIENT: 250-smtp.gmail.com at your service, [27.77.44.115]
250-SIZE 35882577
250-8BITMIME
250-AUTH LOGIN PLAIN XOAUTH2 PLAIN-CLIENTTOKEN OAUTHBEARER XOAUTH
250-ENHANCEDSTATUSCODES
250-PIPELINING
250-CHUNKING
250 SMTPUTF8

1: CLIENT -> SERVER: AUTH LOGIN

2: SERVER -> CLIENT: 334 VXNlcm5hbWU6

1: CLIENT -> SERVER: [credentials hidden]
2: SERVER -> CLIENT: 334 UGFzc3dvcmQ6

1: CLIENT -> SERVER: [credentials hidden]
2: SERVER -> CLIENT: 235 2.7.0 Accepted

1: CLIENT -> SERVER: MAIL FROM:<dongtao805@gmail.com>

2: SERVER -> CLIENT: 250 2.1.0 OK 98e67ed59e1d1-30562c62764sm6184763a91.1 - gsmtp

1: CLIENT -> SERVER: RCPT TO:<dongtao805@gmail.com>

2: SERVER -> CLIENT: 250 2.1.5 OK 98e67ed59e1d1-30562c62764sm6184763a91.1 - gsmtp

1: CLIENT -> SERVER: DATA

2: SERVER -> CLIENT: 354 Go ahead 98e67ed59e1d1-30562c62764sm6184763a91.1 - gsmtp

1: CLIENT -> SERVER: Date: Sat, 5 Apr 2025 04:48:03 +0200

1: CLIENT -> SERVER: To: dongtao805@gmail.com

1: CLIENT -> SERVER: From: Task Manager <dongtao805@gmail.com>

1: CLIENT -> SERVER: Subject: =?iso-8859-1?Q?Th=C3=B4ng_b=C3=A1o:_Th=E1=BA=BB_g=E1=BA=A7n_h=E1=BA=BFt_h=E1=BA=A1n_-_Test_Card?=

1: CLIENT -> SERVER: Message-ID: <D3uHY5HiewilXDjbgrj5V79nhbtb50GAdLnKAwvCEqk@localhost>

1: CLIENT -> SERVER: X-Mailer: PHPMailer 6.9.3 (https://github.com/PHPMailer/PHPMailer)

1: CLIENT -> SERVER: MIME-Version: 1.0

1: CLIENT -> SERVER: Content-Type: text/html; charset=iso-8859-1

1: CLIENT -> SERVER: Content-Transfer-Encoding: 8bit

1: CLIENT -> SERVER: 

1: CLIENT -> SERVER: 

1: CLIENT -> SERVER:             <h3>Thẻ gần hết hạn</h3>

1: CLIENT -> SERVER:             <p><strong>Tên thẻ:</strong> Test Card</p>

1: CLIENT -> SERVER:             <p><strong>Hạn chót:</strong> 05/04/2025 12:00</p>

1: CLIENT -> SERVER:             <p>Vui lòng kiểm tra và hoàn thành thẻ trước khi hết hạn!</p>

1: CLIENT -> SERVER:         

1: CLIENT -> SERVER: 

1: CLIENT -> SERVER: .

2: SERVER -> CLIENT: 250 2.0.0 OK  1743821286 98e67ed59e1d1-30562c62764sm6184763a91.1 - gsmtp

1: CLIENT -> SERVER: QUIT

2: SERVER -> CLIENT: 221 2.0.0 closing connection 98e67ed59e1d1-30562c62764sm6184763a91.1 - gsmtp

2: SERVER -> CLIENT: 220 smtp.gmail.com ESMTP d9443c01a7336-2297865e066sm40237325ad.137 - gsmtp

1: CLIENT -> SERVER: EHLO localhost

2: SERVER -> CLIENT: 250-smtp.gmail.com at your service, [27.77.44.115]
250-SIZE 35882577
250-8BITMIME
250-STARTTLS
250-ENHANCEDSTATUSCODES
250-PIPELINING
250-CHUNKING
250 SMTPUTF8

1: CLIENT -> SERVER: STARTTLS

2: SERVER -> CLIENT: 220 2.0.0 Ready to start TLS

1: CLIENT -> SERVER: EHLO localhost

2: SERVER -> CLIENT: 250-smtp.gmail.com at your service, [27.77.44.115]
250-SIZE 35882577
250-8BITMIME
250-AUTH LOGIN PLAIN XOAUTH2 PLAIN-CLIENTTOKEN OAUTHBEARER XOAUTH
250-ENHANCEDSTATUSCODES
250-PIPELINING
250-CHUNKING
250 SMTPUTF8

1: CLIENT -> SERVER: AUTH LOGIN

2: SERVER -> CLIENT: 334 VXNlcm5hbWU6

1: CLIENT -> SERVER: [credentials hidden]
2: SERVER -> CLIENT: 334 UGFzc3dvcmQ6

1: CLIENT -> SERVER: [credentials hidden]
2: SERVER -> CLIENT: 235 2.7.0 Accepted

1: CLIENT -> SERVER: MAIL FROM:<dongtao805@gmail.com>

2: SERVER -> CLIENT: 250 2.1.0 OK d9443c01a7336-2297865e066sm40237325ad.137 - gsmtp

1: CLIENT -> SERVER: RCPT TO:<dongtao805@gmail.com>

2: SERVER -> CLIENT: 250 2.1.5 OK d9443c01a7336-2297865e066sm40237325ad.137 - gsmtp

1: CLIENT -> SERVER: DATA

2: SERVER -> CLIENT: 354 Go ahead d9443c01a7336-2297865e066sm40237325ad.137 - gsmtp

1: CLIENT -> SERVER: Date: Sat, 5 Apr 2025 04:49:06 +0200

1: CLIENT -> SERVER: To: dongtao805@gmail.com

1: CLIENT -> SERVER: From: Task Manager <dongtao805@gmail.com>

1: CLIENT -> SERVER: Subject: =?iso-8859-1?Q?Th=C3=B4ng_b=C3=A1o:_Th=E1=BA=BB_g=E1=BA=A7n_h=E1=BA=BFt_h=E1=BA=A1n_-_Test_Card?=

1: CLIENT -> SERVER: Message-ID: <5naoolIG4PvXRTc86UxX2hHIujUrivo8bHnOJ8PwY@localhost>

1: CLIENT -> SERVER: X-Mailer: PHPMailer 6.9.3 (https://github.com/PHPMailer/PHPMailer)

1: CLIENT -> SERVER: MIME-Version: 1.0

1: CLIENT -> SERVER: Content-Type: text/html; charset=iso-8859-1

1: CLIENT -> SERVER: Content-Transfer-Encoding: 8bit

1: CLIENT -> SERVER: 

1: CLIENT -> SERVER: 

1: CLIENT -> SERVER:             <h3>Thẻ gần hết hạn</h3>

1: CLIENT -> SERVER:             <p><strong>Tên thẻ:</strong> Test Card</p>

1: CLIENT -> SERVER:             <p><strong>Hạn chót:</strong> 05/04/2025 12:00</p>

1: CLIENT -> SERVER:             <p>Vui lòng kiểm tra và hoàn thành thẻ trước khi hết hạn!</p>

1: CLIENT -> SERVER:         

1: CLIENT -> SERVER: 

1: CLIENT -> SERVER: .

2: SERVER -> CLIENT: 250 2.0.0 OK  1743821350 d9443c01a7336-2297865e066sm40237325ad.137 - gsmtp

1: CLIENT -> SERVER: QUIT

2: SERVER -> CLIENT: 221 2.0.0 closing connection d9443c01a7336-2297865e066sm40237325ad.137 - gsmtp

2: SERVER -> CLIENT: 220 smtp.gmail.com ESMTP 41be03b00d2f7-af9bc31af62sm2973635a12.22 - gsmtp

1: CLIENT -> SERVER: EHLO localhost

2: SERVER -> CLIENT: 250-smtp.gmail.com at your service, [27.77.44.115]
250-SIZE 35882577
250-8BITMIME
250-STARTTLS
250-ENHANCEDSTATUSCODES
250-PIPELINING
250-CHUNKING
250 SMTPUTF8

1: CLIENT -> SERVER: STARTTLS

2: SERVER -> CLIENT: 220 2.0.0 Ready to start TLS

1: CLIENT -> SERVER: EHLO localhost

2: SERVER -> CLIENT: 250-smtp.gmail.com at your service, [27.77.44.115]
250-SIZE 35882577
250-8BITMIME
250-AUTH LOGIN PLAIN XOAUTH2 PLAIN-CLIENTTOKEN OAUTHBEARER XOAUTH
250-ENHANCEDSTATUSCODES
250-PIPELINING
250-CHUNKING
250 SMTPUTF8

1: CLIENT -> SERVER: AUTH LOGIN

2: SERVER -> CLIENT: 334 VXNlcm5hbWU6

1: CLIENT -> SERVER: [credentials hidden]
2: SERVER -> CLIENT: 334 UGFzc3dvcmQ6

1: CLIENT -> SERVER: [credentials hidden]
2: SERVER -> CLIENT: 235 2.7.0 Accepted

1: CLIENT -> SERVER: MAIL FROM:<dongtao805@gmail.com>

2: SERVER -> CLIENT: 250 2.1.0 OK 41be03b00d2f7-af9bc31af62sm2973635a12.22 - gsmtp

1: CLIENT -> SERVER: RCPT TO:<dongtao805@gmail.com>

2: SERVER -> CLIENT: 250 2.1.5 OK 41be03b00d2f7-af9bc31af62sm2973635a12.22 - gsmtp

1: CLIENT -> SERVER: DATA

2: SERVER -> CLIENT: 354 Go ahead 41be03b00d2f7-af9bc31af62sm2973635a12.22 - gsmtp

1: CLIENT -> SERVER: Date: Sat, 5 Apr 2025 04:51:49 +0200

1: CLIENT -> SERVER: To: dongtao805@gmail.com

1: CLIENT -> SERVER: From: Task Manager <dongtao805@gmail.com>

1: CLIENT -> SERVER: Subject: =?iso-8859-1?Q?Th=C3=B4ng_b=C3=A1o:_Th=E1=BA=BB_g=E1=BA=A7n_h=E1=BA=BFt_h=E1=BA=A1n_-_Test_Card?=

1: CLIENT -> SERVER: Message-ID: <N1BhzgoTGaEaxeT84eZrAtNpvkG2cTiRINDkmtKA@localhost>

1: CLIENT -> SERVER: X-Mailer: PHPMailer 6.9.3 (https://github.com/PHPMailer/PHPMailer)

1: CLIENT -> SERVER: MIME-Version: 1.0

1: CLIENT -> SERVER: Content-Type: text/html; charset=iso-8859-1

1: CLIENT -> SERVER: Content-Transfer-Encoding: 8bit

1: CLIENT -> SERVER: 

1: CLIENT -> SERVER: 

1: CLIENT -> SERVER:             <h3>Thẻ gần hết hạn</h3>

1: CLIENT -> SERVER:             <p><strong>Tên thẻ:</strong> Test Card</p>

1: CLIENT -> SERVER:             <p><strong>Hạn chót:</strong> 05/04/2025 12:00</p>

1: CLIENT -> SERVER:             <p>Vui lòng kiểm tra và hoàn thành thẻ trước khi hết hạn!</p>

1: CLIENT -> SERVER:         

1: CLIENT -> SERVER: 

1: CLIENT -> SERVER: .

2: SERVER -> CLIENT: 250 2.0.0 OK  1743821513 41be03b00d2f7-af9bc31af62sm2973635a12.22 - gsmtp

1: CLIENT -> SERVER: QUIT

2: SERVER -> CLIENT: 221 2.0.0 closing connection 41be03b00d2f7-af9bc31af62sm2973635a12.22 - gsmtp

2: SERVER -> CLIENT: 220 smtp.gmail.com ESMTP 98e67ed59e1d1-3057ca1f40fsm4504418a91.4 - gsmtp

1: CLIENT -> SERVER: EHLO localhost

2: SERVER -> CLIENT: 250-smtp.gmail.com at your service, [27.77.44.115]
250-SIZE 35882577
250-8BITMIME
250-STARTTLS
250-ENHANCEDSTATUSCODES
250-PIPELINING
250-CHUNKING
250 SMTPUTF8

1: CLIENT -> SERVER: STARTTLS

2: SERVER -> CLIENT: 220 2.0.0 Ready to start TLS

1: CLIENT -> SERVER: EHLO localhost

2: SERVER -> CLIENT: 250-smtp.gmail.com at your service, [27.77.44.115]
250-SIZE 35882577
250-8BITMIME
250-AUTH LOGIN PLAIN XOAUTH2 PLAIN-CLIENTTOKEN OAUTHBEARER XOAUTH
250-ENHANCEDSTATUSCODES
250-PIPELINING
250-CHUNKING
250 SMTPUTF8

1: CLIENT -> SERVER: AUTH LOGIN

2: SERVER -> CLIENT: 334 VXNlcm5hbWU6

1: CLIENT -> SERVER: [credentials hidden]
2: SERVER -> CLIENT: 334 UGFzc3dvcmQ6

1: CLIENT -> SERVER: [credentials hidden]
2: SERVER -> CLIENT: 235 2.7.0 Accepted

1: CLIENT -> SERVER: MAIL FROM:<dongtao805@gmail.com>

2: SERVER -> CLIENT: 250 2.1.0 OK 98e67ed59e1d1-3057ca1f40fsm4504418a91.4 - gsmtp

1: CLIENT -> SERVER: RCPT TO:<dongtao805@gmail.com>

2: SERVER -> CLIENT: 250 2.1.5 OK 98e67ed59e1d1-3057ca1f40fsm4504418a91.4 - gsmtp

1: CLIENT -> SERVER: DATA

2: SERVER -> CLIENT: 354 Go ahead 98e67ed59e1d1-3057ca1f40fsm4504418a91.4 - gsmtp

1: CLIENT -> SERVER: Date: Sat, 5 Apr 2025 04:53:01 +0200

1: CLIENT -> SERVER: To: dongtao805@gmail.com

1: CLIENT -> SERVER: From: Task Manager <dongtao805@gmail.com>

1: CLIENT -> SERVER: Subject: =?iso-8859-1?Q?Th=C3=B4ng_b=C3=A1o:_Th=E1=BA=BB_g=E1=BA=A7n_h=E1=BA=BFt_h=E1=BA=A1n_-_Test_Card?=

1: CLIENT -> SERVER: Message-ID: <homlgp5hb6ThkFYq8OkVW1RwXEpx8gf9nqMpTIFcg@localhost>

1: CLIENT -> SERVER: X-Mailer: PHPMailer 6.9.3 (https://github.com/PHPMailer/PHPMailer)

1: CLIENT -> SERVER: MIME-Version: 1.0

1: CLIENT -> SERVER: Content-Type: text/html; charset=iso-8859-1

1: CLIENT -> SERVER: Content-Transfer-Encoding: 8bit

1: CLIENT -> SERVER: 

1: CLIENT -> SERVER: 

1: CLIENT -> SERVER:             <h3>Thẻ gần hết hạn</h3>

1: CLIENT -> SERVER:             <p><strong>Tên thẻ:</strong> Test Card</p>

1: CLIENT -> SERVER:             <p><strong>Hạn chót:</strong> 05/04/2025 12:00</p>

1: CLIENT -> SERVER:             <p>Vui lòng kiểm tra và hoàn thành thẻ trước khi hết hạn!</p>

1: CLIENT -> SERVER:         

1: CLIENT -> SERVER: 

1: CLIENT -> SERVER: .

2: SERVER -> CLIENT: 250 2.0.0 OK  1743821585 98e67ed59e1d1-3057ca1f40fsm4504418a91.4 - gsmtp

1: CLIENT -> SERVER: QUIT

2: SERVER -> CLIENT: 221 2.0.0 closing connection 98e67ed59e1d1-3057ca1f40fsm4504418a91.4 - gsmtp

2: SERVER -> CLIENT: 220 smtp.gmail.com ESMTP 98e67ed59e1d1-305983da691sm4310596a91.47 - gsmtp

1: CLIENT -> SERVER: EHLO localhost

2: SERVER -> CLIENT: 250-smtp.gmail.com at your service, [27.77.44.115]
250-SIZE 35882577
250-8BITMIME
250-STARTTLS
250-ENHANCEDSTATUSCODES
250-PIPELINING
250-CHUNKING
250 SMTPUTF8

1: CLIENT -> SERVER: STARTTLS

2: SERVER -> CLIENT: 220 2.0.0 Ready to start TLS

1: CLIENT -> SERVER: EHLO localhost

2: SERVER -> CLIENT: 250-smtp.gmail.com at your service, [27.77.44.115]
250-SIZE 35882577
250-8BITMIME
250-AUTH LOGIN PLAIN XOAUTH2 PLAIN-CLIENTTOKEN OAUTHBEARER XOAUTH
250-ENHANCEDSTATUSCODES
250-PIPELINING
250-CHUNKING
250 SMTPUTF8

1: CLIENT -> SERVER: AUTH LOGIN

2: SERVER -> CLIENT: 334 VXNlcm5hbWU6

1: CLIENT -> SERVER: [credentials hidden]
2: SERVER -> CLIENT: 334 UGFzc3dvcmQ6

1: CLIENT -> SERVER: [credentials hidden]
2: SERVER -> CLIENT: 235 2.7.0 Accepted

1: CLIENT -> SERVER: MAIL FROM:<dongtao805@gmail.com>

2: SERVER -> CLIENT: 250 2.1.0 OK 98e67ed59e1d1-305983da691sm4310596a91.47 - gsmtp

1: CLIENT -> SERVER: RCPT TO:<dongtao805@gmail.com>

2: SERVER -> CLIENT: 250 2.1.5 OK 98e67ed59e1d1-305983da691sm4310596a91.47 - gsmtp

1: CLIENT -> SERVER: DATA

2: SERVER -> CLIENT: 354 Go ahead 98e67ed59e1d1-305983da691sm4310596a91.47 - gsmtp

1: CLIENT -> SERVER: Date: Sat, 5 Apr 2025 04:53:06 +0200

1: CLIENT -> SERVER: To: dongtao805@gmail.com

1: CLIENT -> SERVER: From: Task Manager <dongtao805@gmail.com>

1: CLIENT -> SERVER: Subject: =?iso-8859-1?Q?Th=C3=B4ng_b=C3=A1o:_Th=E1=BA=BB_g=E1=BA=A7n_h=E1=BA=BFt_h=E1=BA=A1n_-_Test_Card?=

1: CLIENT -> SERVER: Message-ID: <xliipGr3C7F5AUxgqgw2qa9xwkRIZxKoHt2BjXwbaWQ@localhost>

1: CLIENT -> SERVER: X-Mailer: PHPMailer 6.9.3 (https://github.com/PHPMailer/PHPMailer)

1: CLIENT -> SERVER: MIME-Version: 1.0

1: CLIENT -> SERVER: Content-Type: text/html; charset=iso-8859-1

1: CLIENT -> SERVER: Content-Transfer-Encoding: 8bit

1: CLIENT -> SERVER: 

1: CLIENT -> SERVER: 

1: CLIENT -> SERVER:             <h3>Thẻ gần hết hạn</h3>

1: CLIENT -> SERVER:             <p><strong>Tên thẻ:</strong> Test Card</p>

1: CLIENT -> SERVER:             <p><strong>Hạn chót:</strong> 05/04/2025 12:00</p>

1: CLIENT -> SERVER:             <p>Vui lòng kiểm tra và hoàn thành thẻ trước khi hết hạn!</p>

1: CLIENT -> SERVER:         

1: CLIENT -> SERVER: 

1: CLIENT -> SERVER: .

2: SERVER -> CLIENT: 250 2.0.0 OK  1743821589 98e67ed59e1d1-305983da691sm4310596a91.47 - gsmtp

1: CLIENT -> SERVER: QUIT

2: SERVER -> CLIENT: 221 2.0.0 closing connection 98e67ed59e1d1-305983da691sm4310596a91.47 - gsmtp

2: SERVER -> CLIENT: 220 smtp.gmail.com ESMTP d2e1a72fcca58-739d9ea20cesm4196642b3a.86 - gsmtp

1: CLIENT -> SERVER: EHLO localhost

2: SERVER -> CLIENT: 250-smtp.gmail.com at your service, [27.77.44.115]
250-SIZE 35882577
250-8BITMIME
250-STARTTLS
250-ENHANCEDSTATUSCODES
250-PIPELINING
250-CHUNKING
250 SMTPUTF8

1: CLIENT -> SERVER: STARTTLS

2: SERVER -> CLIENT: 220 2.0.0 Ready to start TLS

1: CLIENT -> SERVER: EHLO localhost

2: SERVER -> CLIENT: 250-smtp.gmail.com at your service, [27.77.44.115]
250-SIZE 35882577
250-8BITMIME
250-AUTH LOGIN PLAIN XOAUTH2 PLAIN-CLIENTTOKEN OAUTHBEARER XOAUTH
250-ENHANCEDSTATUSCODES
250-PIPELINING
250-CHUNKING
250 SMTPUTF8

1: CLIENT -> SERVER: AUTH LOGIN

2: SERVER -> CLIENT: 334 VXNlcm5hbWU6

1: CLIENT -> SERVER: [credentials hidden]
2: SERVER -> CLIENT: 334 UGFzc3dvcmQ6

1: CLIENT -> SERVER: [credentials hidden]
2: SERVER -> CLIENT: 235 2.7.0 Accepted

1: CLIENT -> SERVER: MAIL FROM:<dongtao805@gmail.com>

2: SERVER -> CLIENT: 250 2.1.0 OK d2e1a72fcca58-739d9ea20cesm4196642b3a.86 - gsmtp

1: CLIENT -> SERVER: RCPT TO:<dongtao805@gmail.com>

2: SERVER -> CLIENT: 250 2.1.5 OK d2e1a72fcca58-739d9ea20cesm4196642b3a.86 - gsmtp

1: CLIENT -> SERVER: DATA

2: SERVER -> CLIENT: 354 Go ahead d2e1a72fcca58-739d9ea20cesm4196642b3a.86 - gsmtp

1: CLIENT -> SERVER: Date: Sat, 5 Apr 2025 04:53:13 +0200

1: CLIENT -> SERVER: To: dongtao805@gmail.com

1: CLIENT -> SERVER: From: Task Manager <dongtao805@gmail.com>

1: CLIENT -> SERVER: Subject: =?iso-8859-1?Q?Th=C3=B4ng_b=C3=A1o:_Th=E1=BA=BB_g=E1=BA=A7n_h=E1=BA=BFt_h=E1=BA=A1n_-_Test_Card?=

1: CLIENT -> SERVER: Message-ID: <Qi5eZIcYA5iNTnNtDKX8Z7SZWihfzwlAePrcWDxMxw@localhost>

1: CLIENT -> SERVER: X-Mailer: PHPMailer 6.9.3 (https://github.com/PHPMailer/PHPMailer)

1: CLIENT -> SERVER: MIME-Version: 1.0

1: CLIENT -> SERVER: Content-Type: text/html; charset=iso-8859-1

1: CLIENT -> SERVER: Content-Transfer-Encoding: 8bit

1: CLIENT -> SERVER: 

1: CLIENT -> SERVER: 

1: CLIENT -> SERVER:             <h3>Thẻ gần hết hạn</h3>

1: CLIENT -> SERVER:             <p><strong>Tên thẻ:</strong> Test Card</p>

1: CLIENT -> SERVER:             <p><strong>Hạn chót:</strong> 05/04/2025 12:00</p>

1: CLIENT -> SERVER:             <p>Vui lòng kiểm tra và hoàn thành thẻ trước khi hết hạn!</p>

1: CLIENT -> SERVER:         

1: CLIENT -> SERVER: 

1: CLIENT -> SERVER: .

2: SERVER -> CLIENT: 250 2.0.0 OK  1743821597 d2e1a72fcca58-739d9ea20cesm4196642b3a.86 - gsmtp

1: CLIENT -> SERVER: QUIT

2: SERVER -> CLIENT: 221 2.0.0 closing connection d2e1a72fcca58-739d9ea20cesm4196642b3a.86 - gsmtp

2: SERVER -> CLIENT: 220 smtp.gmail.com ESMTP d2e1a72fcca58-739d97f3719sm4211369b3a.71 - gsmtp

1: CLIENT -> SERVER: EHLO localhost

2: SERVER -> CLIENT: 250-smtp.gmail.com at your service, [27.77.44.115]
250-SIZE 35882577
250-8BITMIME
250-STARTTLS
250-ENHANCEDSTATUSCODES
250-PIPELINING
250-CHUNKING
250 SMTPUTF8

1: CLIENT -> SERVER: STARTTLS

2: SERVER -> CLIENT: 220 2.0.0 Ready to start TLS

1: CLIENT -> SERVER: EHLO localhost

2: SERVER -> CLIENT: 250-smtp.gmail.com at your service, [27.77.44.115]
250-SIZE 35882577
250-8BITMIME
250-AUTH LOGIN PLAIN XOAUTH2 PLAIN-CLIENTTOKEN OAUTHBEARER XOAUTH
250-ENHANCEDSTATUSCODES
250-PIPELINING
250-CHUNKING
250 SMTPUTF8

1: CLIENT -> SERVER: AUTH LOGIN

2: SERVER -> CLIENT: 334 VXNlcm5hbWU6

1: CLIENT -> SERVER: [credentials hidden]
2: SERVER -> CLIENT: 334 UGFzc3dvcmQ6

1: CLIENT -> SERVER: [credentials hidden]
2: SERVER -> CLIENT: 235 2.7.0 Accepted

1: CLIENT -> SERVER: MAIL FROM:<dongtao805@gmail.com>

2: SERVER -> CLIENT: 250 2.1.0 OK d2e1a72fcca58-739d97f3719sm4211369b3a.71 - gsmtp

1: CLIENT -> SERVER: RCPT TO:<dongtao805@gmail.com>

2: SERVER -> CLIENT: 250 2.1.5 OK d2e1a72fcca58-739d97f3719sm4211369b3a.71 - gsmtp

1: CLIENT -> SERVER: DATA

2: SERVER -> CLIENT: 354 Go ahead d2e1a72fcca58-739d97f3719sm4211369b3a.71 - gsmtp

1: CLIENT -> SERVER: Date: Sat, 5 Apr 2025 04:53:23 +0200

1: CLIENT -> SERVER: To: dongtao805@gmail.com

1: CLIENT -> SERVER: From: Task Manager <dongtao805@gmail.com>

1: CLIENT -> SERVER: Subject: =?iso-8859-1?Q?Th=C3=B4ng_b=C3=A1o:_Th=E1=BA=BB_g=E1=BA=A7n_h=E1=BA=BFt_h=E1=BA=A1n_-_Test_Card?=

1: CLIENT -> SERVER: Message-ID: <stbbh9zdbnARiEJwbpKqKTCN0QqghRL4aX2MXtDwQ@localhost>

1: CLIENT -> SERVER: X-Mailer: PHPMailer 6.9.3 (https://github.com/PHPMailer/PHPMailer)

1: CLIENT -> SERVER: MIME-Version: 1.0

1: CLIENT -> SERVER: Content-Type: text/html; charset=iso-8859-1

1: CLIENT -> SERVER: Content-Transfer-Encoding: 8bit

1: CLIENT -> SERVER: 

1: CLIENT -> SERVER: 

1: CLIENT -> SERVER:             <h3>Thẻ gần hết hạn</h3>

1: CLIENT -> SERVER:             <p><strong>Tên thẻ:</strong> Test Card</p>

1: CLIENT -> SERVER:             <p><strong>Hạn chót:</strong> 05/04/2025 12:00</p>

1: CLIENT -> SERVER:             <p>Vui lòng kiểm tra và hoàn thành thẻ trước khi hết hạn!</p>

1: CLIENT -> SERVER:         

1: CLIENT -> SERVER: 

1: CLIENT -> SERVER: .

2: SERVER -> CLIENT: 250 2.0.0 OK  1743821607 d2e1a72fcca58-739d97f3719sm4211369b3a.71 - gsmtp

1: CLIENT -> SERVER: QUIT

2: SERVER -> CLIENT: 221 2.0.0 closing connection d2e1a72fcca58-739d97f3719sm4211369b3a.71 - gsmtp

2: SERVER -> CLIENT: 220 smtp.gmail.com ESMTP 98e67ed59e1d1-305983b8726sm4250248a91.33 - gsmtp

1: CLIENT -> SERVER: EHLO localhost

2: SERVER -> CLIENT: 250-smtp.gmail.com at your service, [27.77.44.115]
250-SIZE 35882577
250-8BITMIME
250-STARTTLS
250-ENHANCEDSTATUSCODES
250-PIPELINING
250-CHUNKING
250 SMTPUTF8

1: CLIENT -> SERVER: STARTTLS

2: SERVER -> CLIENT: 220 2.0.0 Ready to start TLS

1: CLIENT -> SERVER: EHLO localhost

2: SERVER -> CLIENT: 250-smtp.gmail.com at your service, [27.77.44.115]
250-SIZE 35882577
250-8BITMIME
250-AUTH LOGIN PLAIN XOAUTH2 PLAIN-CLIENTTOKEN OAUTHBEARER XOAUTH
250-ENHANCEDSTATUSCODES
250-PIPELINING
250-CHUNKING
250 SMTPUTF8

1: CLIENT -> SERVER: AUTH LOGIN

2: SERVER -> CLIENT: 334 VXNlcm5hbWU6

1: CLIENT -> SERVER: [credentials hidden]
2: SERVER -> CLIENT: 334 UGFzc3dvcmQ6

1: CLIENT -> SERVER: [credentials hidden]
2: SERVER -> CLIENT: 235 2.7.0 Accepted

1: CLIENT -> SERVER: MAIL FROM:<dongtao805@gmail.com>

2: SERVER -> CLIENT: 250 2.1.0 OK 98e67ed59e1d1-305983b8726sm4250248a91.33 - gsmtp

1: CLIENT -> SERVER: RCPT TO:<dongtao805@gmail.com>

2: SERVER -> CLIENT: 250 2.1.5 OK 98e67ed59e1d1-305983b8726sm4250248a91.33 - gsmtp

1: CLIENT -> SERVER: DATA

2: SERVER -> CLIENT: 354 Go ahead 98e67ed59e1d1-305983b8726sm4250248a91.33 - gsmtp

1: CLIENT -> SERVER: Date: Sat, 5 Apr 2025 04:53:27 +0200

1: CLIENT -> SERVER: To: dongtao805@gmail.com

1: CLIENT -> SERVER: From: Task Manager <dongtao805@gmail.com>

1: CLIENT -> SERVER: Subject: =?iso-8859-1?Q?Th=C3=B4ng_b=C3=A1o:_Th=E1=BA=BB_g=E1=BA=A7n_h=E1=BA=BFt_h=E1=BA=A1n_-_Test_Card?=

1: CLIENT -> SERVER: Message-ID: <hzTQtjmWalYX1RjxnrbP34BRSKoA0QUZmyYCB0JaPE@localhost>

1: CLIENT -> SERVER: X-Mailer: PHPMailer 6.9.3 (https://github.com/PHPMailer/PHPMailer)

1: CLIENT -> SERVER: MIME-Version: 1.0

1: CLIENT -> SERVER: Content-Type: text/html; charset=iso-8859-1

1: CLIENT -> SERVER: Content-Transfer-Encoding: 8bit

1: CLIENT -> SERVER: 

1: CLIENT -> SERVER: 

1: CLIENT -> SERVER:             <h3>Thẻ gần hết hạn</h3>

1: CLIENT -> SERVER:             <p><strong>Tên thẻ:</strong> Test Card</p>

1: CLIENT -> SERVER:             <p><strong>Hạn chót:</strong> 05/04/2025 12:00</p>

1: CLIENT -> SERVER:             <p>Vui lòng kiểm tra và hoàn thành thẻ trước khi hết hạn!</p>

1: CLIENT -> SERVER:         

1: CLIENT -> SERVER: 

1: CLIENT -> SERVER: .

2: SERVER -> CLIENT: 250 2.0.0 OK  1743821611 98e67ed59e1d1-305983b8726sm4250248a91.33 - gsmtp

1: CLIENT -> SERVER: QUIT

2: SERVER -> CLIENT: 221 2.0.0 closing connection 98e67ed59e1d1-305983b8726sm4250248a91.33 - gsmtp

2: SERVER -> CLIENT: 220 smtp.gmail.com ESMTP d2e1a72fcca58-739da0e7be3sm4712853b3a.175 - gsmtp

1: CLIENT -> SERVER: EHLO localhost

2: SERVER -> CLIENT: 250-smtp.gmail.com at your service, [27.77.44.115]
250-SIZE 35882577
250-8BITMIME
250-STARTTLS
250-ENHANCEDSTATUSCODES
250-PIPELINING
250-CHUNKING
250 SMTPUTF8

1: CLIENT -> SERVER: STARTTLS

2: SERVER -> CLIENT: 220 2.0.0 Ready to start TLS

1: CLIENT -> SERVER: EHLO localhost

2: SERVER -> CLIENT: 250-smtp.gmail.com at your service, [27.77.44.115]
250-SIZE 35882577
250-8BITMIME
250-AUTH LOGIN PLAIN XOAUTH2 PLAIN-CLIENTTOKEN OAUTHBEARER XOAUTH
250-ENHANCEDSTATUSCODES
250-PIPELINING
250-CHUNKING
250 SMTPUTF8

1: CLIENT -> SERVER: AUTH LOGIN

2: SERVER -> CLIENT: 334 VXNlcm5hbWU6

1: CLIENT -> SERVER: [credentials hidden]
2: SERVER -> CLIENT: 334 UGFzc3dvcmQ6

1: CLIENT -> SERVER: [credentials hidden]
2: SERVER -> CLIENT: 235 2.7.0 Accepted

1: CLIENT -> SERVER: MAIL FROM:<dongtao805@gmail.com>

2: SERVER -> CLIENT: 250 2.1.0 OK d2e1a72fcca58-739da0e7be3sm4712853b3a.175 - gsmtp

1: CLIENT -> SERVER: RCPT TO:<dongtao805@gmail.com>

2: SERVER -> CLIENT: 250 2.1.5 OK d2e1a72fcca58-739da0e7be3sm4712853b3a.175 - gsmtp

1: CLIENT -> SERVER: DATA

2: SERVER -> CLIENT: 354 Go ahead d2e1a72fcca58-739da0e7be3sm4712853b3a.175 - gsmtp

1: CLIENT -> SERVER: Date: Sat, 5 Apr 2025 08:45:10 +0200

1: CLIENT -> SERVER: To: dongtao805@gmail.com

1: CLIENT -> SERVER: From: Task Manager <dongtao805@gmail.com>

1: CLIENT -> SERVER: Subject: =?iso-8859-1?Q?Th=C3=B4ng_b=C3=A1o:_Th=E1=BA=BB_g=E1=BA=A7n_h=E1=BA=BFt_h=E1=BA=A1n_-_Test_Card?=

1: CLIENT -> SERVER: Message-ID: <KbGAwOXF4NoLxzMgEBIKSX9Rs8cMXTsZBM3NcYME4I@localhost>

1: CLIENT -> SERVER: X-Mailer: PHPMailer 6.9.3 (https://github.com/PHPMailer/PHPMailer)

1: CLIENT -> SERVER: MIME-Version: 1.0

1: CLIENT -> SERVER: Content-Type: text/html; charset=iso-8859-1

1: CLIENT -> SERVER: Content-Transfer-Encoding: 8bit

1: CLIENT -> SERVER: 

1: CLIENT -> SERVER: 

1: CLIENT -> SERVER:             <h3>Thẻ gần hết hạn</h3>

1: CLIENT -> SERVER:             <p><strong>Tên thẻ:</strong> Test Card</p>

1: CLIENT -> SERVER:             <p><strong>Hạn chót:</strong> 05/04/2025 17:00</p>

1: CLIENT -> SERVER:             <p>Vui lòng kiểm tra và hoàn thành thẻ trước khi hết hạn!</p>

1: CLIENT -> SERVER:         

1: CLIENT -> SERVER: 

1: CLIENT -> SERVER: .

2: SERVER -> CLIENT: 250 2.0.0 OK  1743835514 d2e1a72fcca58-739da0e7be3sm4712853b3a.175 - gsmtp

1: CLIENT -> SERVER: QUIT

2: SERVER -> CLIENT: 221 2.0.0 closing connection d2e1a72fcca58-739da0e7be3sm4712853b3a.175 - gsmtp

2: SERVER -> CLIENT: 220 smtp.gmail.com ESMTP d2e1a72fcca58-739d9ea0a71sm4539856b3a.113 - gsmtp

1: CLIENT -> SERVER: EHLO localhost

2: SERVER -> CLIENT: 250-smtp.gmail.com at your service, [27.77.44.115]
250-SIZE 35882577
250-8BITMIME
250-STARTTLS
250-ENHANCEDSTATUSCODES
250-PIPELINING
250-CHUNKING
250 SMTPUTF8

1: CLIENT -> SERVER: STARTTLS

2: SERVER -> CLIENT: 220 2.0.0 Ready to start TLS

1: CLIENT -> SERVER: EHLO localhost

2: SERVER -> CLIENT: 250-smtp.gmail.com at your service, [27.77.44.115]
250-SIZE 35882577
250-8BITMIME
250-AUTH LOGIN PLAIN XOAUTH2 PLAIN-CLIENTTOKEN OAUTHBEARER XOAUTH
250-ENHANCEDSTATUSCODES
250-PIPELINING
250-CHUNKING
250 SMTPUTF8

1: CLIENT -> SERVER: AUTH LOGIN

2: SERVER -> CLIENT: 334 VXNlcm5hbWU6

1: CLIENT -> SERVER: [credentials hidden]
2: SERVER -> CLIENT: 334 UGFzc3dvcmQ6

1: CLIENT -> SERVER: [credentials hidden]
2: SERVER -> CLIENT: 235 2.7.0 Accepted

1: CLIENT -> SERVER: MAIL FROM:<dongtao805@gmail.com>

2: SERVER -> CLIENT: 250 2.1.0 OK d2e1a72fcca58-739d9ea0a71sm4539856b3a.113 - gsmtp

1: CLIENT -> SERVER: RCPT TO:<dongtao805@gmail.com>

2: SERVER -> CLIENT: 250 2.1.5 OK d2e1a72fcca58-739d9ea0a71sm4539856b3a.113 - gsmtp

1: CLIENT -> SERVER: DATA

2: SERVER -> CLIENT: 354 Go ahead d2e1a72fcca58-739d9ea0a71sm4539856b3a.113 - gsmtp

1: CLIENT -> SERVER: Date: Sat, 5 Apr 2025 08:45:39 +0200

1: CLIENT -> SERVER: To: dongtao805@gmail.com

1: CLIENT -> SERVER: From: Task Manager <dongtao805@gmail.com>

1: CLIENT -> SERVER: Subject: =?iso-8859-1?Q?Th=C3=B4ng_b=C3=A1o:_Th=E1=BA=BB_g=E1=BA=A7n_h=E1=BA=BFt_h=E1=BA=A1n_-_Test_Card?=

1: CLIENT -> SERVER: Message-ID: <Ismzm236TJQtX2j5DvNY2EqmpOJ8yxpfOVim6V4f8@localhost>

1: CLIENT -> SERVER: X-Mailer: PHPMailer 6.9.3 (https://github.com/PHPMailer/PHPMailer)

1: CLIENT -> SERVER: MIME-Version: 1.0

1: CLIENT -> SERVER: Content-Type: text/html; charset=iso-8859-1

1: CLIENT -> SERVER: Content-Transfer-Encoding: 8bit

1: CLIENT -> SERVER: 

1: CLIENT -> SERVER: 

1: CLIENT -> SERVER:             <h3>Thẻ gần hết hạn</h3>

1: CLIENT -> SERVER:             <p><strong>Tên thẻ:</strong> Test Card</p>

1: CLIENT -> SERVER:             <p><strong>Hạn chót:</strong> 05/04/2025 17:00</p>

1: CLIENT -> SERVER:             <p>Vui lòng kiểm tra và hoàn thành thẻ trước khi hết hạn!</p>

1: CLIENT -> SERVER:         

1: CLIENT -> SERVER: 

1: CLIENT -> SERVER: .

2: SERVER -> CLIENT: 250 2.0.0 OK  1743835543 d2e1a72fcca58-739d9ea0a71sm4539856b3a.113 - gsmtp

1: CLIENT -> SERVER: QUIT

2: SERVER -> CLIENT: 221 2.0.0 closing connection d2e1a72fcca58-739d9ea0a71sm4539856b3a.113 - gsmtp

2: SERVER -> CLIENT: 220 smtp.gmail.com ESMTP d2e1a72fcca58-739d97ee6b3sm4730424b3a.53 - gsmtp

1: CLIENT -> SERVER: EHLO localhost

2: SERVER -> CLIENT: 250-smtp.gmail.com at your service, [27.77.44.115]
250-SIZE 35882577
250-8BITMIME
250-STARTTLS
250-ENHANCEDSTATUSCODES
250-PIPELINING
250-CHUNKING
250 SMTPUTF8

1: CLIENT -> SERVER: STARTTLS

2: SERVER -> CLIENT: 220 2.0.0 Ready to start TLS

1: CLIENT -> SERVER: EHLO localhost

2: SERVER -> CLIENT: 250-smtp.gmail.com at your service, [27.77.44.115]
250-SIZE 35882577
250-8BITMIME
250-AUTH LOGIN PLAIN XOAUTH2 PLAIN-CLIENTTOKEN OAUTHBEARER XOAUTH
250-ENHANCEDSTATUSCODES
250-PIPELINING
250-CHUNKING
250 SMTPUTF8

1: CLIENT -> SERVER: AUTH LOGIN

2: SERVER -> CLIENT: 334 VXNlcm5hbWU6

1: CLIENT -> SERVER: [credentials hidden]
2: SERVER -> CLIENT: 334 UGFzc3dvcmQ6

1: CLIENT -> SERVER: [credentials hidden]
2: SERVER -> CLIENT: 235 2.7.0 Accepted

1: CLIENT -> SERVER: MAIL FROM:<dongtao805@gmail.com>

2: SERVER -> CLIENT: 250 2.1.0 OK d2e1a72fcca58-739d97ee6b3sm4730424b3a.53 - gsmtp

1: CLIENT -> SERVER: RCPT TO:<dongtao805@gmail.com>

2: SERVER -> CLIENT: 250 2.1.5 OK d2e1a72fcca58-739d97ee6b3sm4730424b3a.53 - gsmtp

1: CLIENT -> SERVER: DATA

2: SERVER -> CLIENT: 354 Go ahead d2e1a72fcca58-739d97ee6b3sm4730424b3a.53 - gsmtp

1: CLIENT -> SERVER: Date: Sat, 5 Apr 2025 08:47:11 +0200

1: CLIENT -> SERVER: To: dongtao805@gmail.com

1: CLIENT -> SERVER: From: Task Manager <dongtao805@gmail.com>

1: CLIENT -> SERVER: Subject: =?iso-8859-1?Q?Th=C3=B4ng_b=C3=A1o:_Th=E1=BA=BB_g=E1=BA=A7n_h=E1=BA=BFt_h=E1=BA=A1n_-_Test_Card?=

1: CLIENT -> SERVER: Message-ID: <s3TEVnJ71xi2lydjHbywy6TeeeCdZ91zSWanafe0LR8@localhost>

1: CLIENT -> SERVER: X-Mailer: PHPMailer 6.9.3 (https://github.com/PHPMailer/PHPMailer)

1: CLIENT -> SERVER: MIME-Version: 1.0

1: CLIENT -> SERVER: Content-Type: text/html; charset=iso-8859-1

1: CLIENT -> SERVER: Content-Transfer-Encoding: 8bit

1: CLIENT -> SERVER: 

1: CLIENT -> SERVER: 

1: CLIENT -> SERVER:             <h3>Thẻ gần hết hạn</h3>

1: CLIENT -> SERVER:             <p><strong>Tên thẻ:</strong> Test Card</p>

1: CLIENT -> SERVER:             <p><strong>Hạn chót:</strong> 05/04/2025 17:00</p>

1: CLIENT -> SERVER:             <p>Vui lòng kiểm tra và hoàn thành thẻ trước khi hết hạn!</p>

1: CLIENT -> SERVER:         

1: CLIENT -> SERVER: 

1: CLIENT -> SERVER: .

2: SERVER -> CLIENT: 250 2.0.0 OK  1743835636 d2e1a72fcca58-739d97ee6b3sm4730424b3a.53 - gsmtp

1: CLIENT -> SERVER: QUIT

2: SERVER -> CLIENT: 221 2.0.0 closing connection d2e1a72fcca58-739d97ee6b3sm4730424b3a.53 - gsmtp

2: SERVER -> CLIENT: 220 smtp.gmail.com ESMTP 41be03b00d2f7-af9bc3fd35esm3904101a12.53 - gsmtp

1: CLIENT -> SERVER: EHLO localhost

2: SERVER -> CLIENT: 250-smtp.gmail.com at your service, [27.77.44.115]
250-SIZE 35882577
250-8BITMIME
250-STARTTLS
250-ENHANCEDSTATUSCODES
250-PIPELINING
250-CHUNKING
250 SMTPUTF8

1: CLIENT -> SERVER: STARTTLS

2: SERVER -> CLIENT: 220 2.0.0 Ready to start TLS

1: CLIENT -> SERVER: EHLO localhost

2: SERVER -> CLIENT: 250-smtp.gmail.com at your service, [27.77.44.115]
250-SIZE 35882577
250-8BITMIME
250-AUTH LOGIN PLAIN XOAUTH2 PLAIN-CLIENTTOKEN OAUTHBEARER XOAUTH
250-ENHANCEDSTATUSCODES
250-PIPELINING
250-CHUNKING
250 SMTPUTF8

1: CLIENT -> SERVER: AUTH LOGIN

2: SERVER -> CLIENT: 334 VXNlcm5hbWU6

1: CLIENT -> SERVER: [credentials hidden]
2: SERVER -> CLIENT: 334 UGFzc3dvcmQ6

1: CLIENT -> SERVER: [credentials hidden]
2: SERVER -> CLIENT: 235 2.7.0 Accepted

1: CLIENT -> SERVER: MAIL FROM:<dongtao805@gmail.com>

2: SERVER -> CLIENT: 250 2.1.0 OK 41be03b00d2f7-af9bc3fd35esm3904101a12.53 - gsmtp

1: CLIENT -> SERVER: RCPT TO:<dongtao805@gmail.com>

2: SERVER -> CLIENT: 250 2.1.5 OK 41be03b00d2f7-af9bc3fd35esm3904101a12.53 - gsmtp

1: CLIENT -> SERVER: DATA

2: SERVER -> CLIENT: 354 Go ahead 41be03b00d2f7-af9bc3fd35esm3904101a12.53 - gsmtp

1: CLIENT -> SERVER: Date: Sat, 5 Apr 2025 08:47:28 +0200

1: CLIENT -> SERVER: To: dongtao805@gmail.com

1: CLIENT -> SERVER: From: Task Manager <dongtao805@gmail.com>

1: CLIENT -> SERVER: Subject: =?iso-8859-1?Q?Th=C3=B4ng_b=C3=A1o:_Th=E1=BA=BB_g=E1=BA=A7n_h=E1=BA=BFt_h=E1=BA=A1n_-_Test_Card?=

1: CLIENT -> SERVER: Message-ID: <DPGSQO7gXnG6mgGnxbeS6kbK8lhy9w7ZzgMJOF74Y@localhost>

1: CLIENT -> SERVER: X-Mailer: PHPMailer 6.9.3 (https://github.com/PHPMailer/PHPMailer)

1: CLIENT -> SERVER: MIME-Version: 1.0

1: CLIENT -> SERVER: Content-Type: text/html; charset=iso-8859-1

1: CLIENT -> SERVER: Content-Transfer-Encoding: 8bit

1: CLIENT -> SERVER: 

1: CLIENT -> SERVER: 

1: CLIENT -> SERVER:             <h3>Thẻ gần hết hạn</h3>

1: CLIENT -> SERVER:             <p><strong>Tên thẻ:</strong> Test Card</p>

1: CLIENT -> SERVER:             <p><strong>Hạn chót:</strong> 05/04/2025 17:00</p>

1: CLIENT -> SERVER:             <p>Vui lòng kiểm tra và hoàn thành thẻ trước khi hết hạn!</p>

1: CLIENT -> SERVER:         

1: CLIENT -> SERVER: 

1: CLIENT -> SERVER: .

2: SERVER -> CLIENT: 250 2.0.0 OK  1743835653 41be03b00d2f7-af9bc3fd35esm3904101a12.53 - gsmtp

1: CLIENT -> SERVER: QUIT

2: SERVER -> CLIENT: 221 2.0.0 closing connection 41be03b00d2f7-af9bc3fd35esm3904101a12.53 - gsmtp

2: SERVER -> CLIENT: 220 smtp.gmail.com ESMTP d9443c01a7336-22978776a2fsm43253055ad.253 - gsmtp

1: CLIENT -> SERVER: EHLO localhost

2: SERVER -> CLIENT: 250-smtp.gmail.com at your service, [27.77.44.115]
250-SIZE 35882577
250-8BITMIME
250-STARTTLS
250-ENHANCEDSTATUSCODES
250-PIPELINING
250-CHUNKING
250 SMTPUTF8

1: CLIENT -> SERVER: STARTTLS

2: SERVER -> CLIENT: 220 2.0.0 Ready to start TLS

1: CLIENT -> SERVER: EHLO localhost

2: SERVER -> CLIENT: 250-smtp.gmail.com at your service, [27.77.44.115]
250-SIZE 35882577
250-8BITMIME
250-AUTH LOGIN PLAIN XOAUTH2 PLAIN-CLIENTTOKEN OAUTHBEARER XOAUTH
250-ENHANCEDSTATUSCODES
250-PIPELINING
250-CHUNKING
250 SMTPUTF8

1: CLIENT -> SERVER: AUTH LOGIN

2: SERVER -> CLIENT: 334 VXNlcm5hbWU6

1: CLIENT -> SERVER: [credentials hidden]
2: SERVER -> CLIENT: 334 UGFzc3dvcmQ6

1: CLIENT -> SERVER: [credentials hidden]
2: SERVER -> CLIENT: 235 2.7.0 Accepted

1: CLIENT -> SERVER: MAIL FROM:<dongtao805@gmail.com>

2: SERVER -> CLIENT: 250 2.1.0 OK d9443c01a7336-22978776a2fsm43253055ad.253 - gsmtp

1: CLIENT -> SERVER: RCPT TO:<dongtao805@gmail.com>

2: SERVER -> CLIENT: 250 2.1.5 OK d9443c01a7336-22978776a2fsm43253055ad.253 - gsmtp

1: CLIENT -> SERVER: DATA

2: SERVER -> CLIENT: 354 Go ahead d9443c01a7336-22978776a2fsm43253055ad.253 - gsmtp

1: CLIENT -> SERVER: Date: Sat, 5 Apr 2025 08:47:54 +0200

1: CLIENT -> SERVER: To: dongtao805@gmail.com

1: CLIENT -> SERVER: From: Task Manager <dongtao805@gmail.com>

1: CLIENT -> SERVER: Subject: =?iso-8859-1?Q?Th=C3=B4ng_b=C3=A1o:_Th=E1=BA=BB_g=E1=BA=A7n_h=E1=BA=BFt_h=E1=BA=A1n_-_Test_Card?=

1: CLIENT -> SERVER: Message-ID: <TaEMUlCGS4tKL4J1nbwdrEh7SIDYCsIidBqPey4wAbs@localhost>

1: CLIENT -> SERVER: X-Mailer: PHPMailer 6.9.3 (https://github.com/PHPMailer/PHPMailer)

1: CLIENT -> SERVER: MIME-Version: 1.0

1: CLIENT -> SERVER: Content-Type: text/html; charset=iso-8859-1

1: CLIENT -> SERVER: Content-Transfer-Encoding: 8bit

1: CLIENT -> SERVER: 

1: CLIENT -> SERVER: 

1: CLIENT -> SERVER:             <h3>Thẻ gần hết hạn</h3>

1: CLIENT -> SERVER:             <p><strong>Tên thẻ:</strong> Test Card</p>

1: CLIENT -> SERVER:             <p><strong>Hạn chót:</strong> 05/04/2025 17:00</p>

1: CLIENT -> SERVER:             <p>Vui lòng kiểm tra và hoàn thành thẻ trước khi hết hạn!</p>

1: CLIENT -> SERVER:         

1: CLIENT -> SERVER: 

1: CLIENT -> SERVER: .

2: SERVER -> CLIENT: 250 2.0.0 OK  1743835678 d9443c01a7336-22978776a2fsm43253055ad.253 - gsmtp

1: CLIENT -> SERVER: QUIT

2: SERVER -> CLIENT: 221 2.0.0 closing connection d9443c01a7336-22978776a2fsm43253055ad.253 - gsmtp

2: SERVER -> CLIENT: 220 smtp.gmail.com ESMTP d9443c01a7336-229785adaeesm43522855ad.41 - gsmtp

1: CLIENT -> SERVER: EHLO localhost

2: SERVER -> CLIENT: 250-smtp.gmail.com at your service, [27.77.44.115]
250-SIZE 35882577
250-8BITMIME
250-STARTTLS
250-ENHANCEDSTATUSCODES
250-PIPELINING
250-CHUNKING
250 SMTPUTF8

1: CLIENT -> SERVER: STARTTLS

2: SERVER -> CLIENT: 220 2.0.0 Ready to start TLS

1: CLIENT -> SERVER: EHLO localhost

2: SERVER -> CLIENT: 250-smtp.gmail.com at your service, [27.77.44.115]
250-SIZE 35882577
250-8BITMIME
250-AUTH LOGIN PLAIN XOAUTH2 PLAIN-CLIENTTOKEN OAUTHBEARER XOAUTH
250-ENHANCEDSTATUSCODES
250-PIPELINING
250-CHUNKING
250 SMTPUTF8

1: CLIENT -> SERVER: AUTH LOGIN

2: SERVER -> CLIENT: 334 VXNlcm5hbWU6

1: CLIENT -> SERVER: [credentials hidden]
2: SERVER -> CLIENT: 334 UGFzc3dvcmQ6

1: CLIENT -> SERVER: [credentials hidden]
2: SERVER -> CLIENT: 235 2.7.0 Accepted

1: CLIENT -> SERVER: MAIL FROM:<dongtao805@gmail.com>

2: SERVER -> CLIENT: 250 2.1.0 OK d9443c01a7336-229785adaeesm43522855ad.41 - gsmtp

1: CLIENT -> SERVER: RCPT TO:<dongtao805@gmail.com>

2: SERVER -> CLIENT: 250 2.1.5 OK d9443c01a7336-229785adaeesm43522855ad.41 - gsmtp

1: CLIENT -> SERVER: DATA

2: SERVER -> CLIENT: 354 Go ahead d9443c01a7336-229785adaeesm43522855ad.41 - gsmtp

1: CLIENT -> SERVER: Date: Sat, 5 Apr 2025 08:49:34 +0200

1: CLIENT -> SERVER: To: dongtao805@gmail.com

1: CLIENT -> SERVER: From: Task Manager <dongtao805@gmail.com>

1: CLIENT -> SERVER: Subject: =?iso-8859-1?Q?Th=C3=B4ng_b=C3=A1o:_Th=E1=BA=BB_g=E1=BA=A7n_h=E1=BA=BFt_h=E1=BA=A1n_-_Test_Card?=

1: CLIENT -> SERVER: Message-ID: <xM0RD97oT0aUuTPx2KYfgPi1Rfhrb9ohpBEfPPzlS0@localhost>

1: CLIENT -> SERVER: X-Mailer: PHPMailer 6.9.3 (https://github.com/PHPMailer/PHPMailer)

1: CLIENT -> SERVER: MIME-Version: 1.0

1: CLIENT -> SERVER: Content-Type: text/html; charset=iso-8859-1

1: CLIENT -> SERVER: Content-Transfer-Encoding: 8bit

1: CLIENT -> SERVER: 

1: CLIENT -> SERVER: 

1: CLIENT -> SERVER:             <h3>Thẻ gần hết hạn</h3>

1: CLIENT -> SERVER:             <p><strong>Tên thẻ:</strong> Test Card</p>

1: CLIENT -> SERVER:             <p><strong>Hạn chót:</strong> 05/04/2025 17:00</p>

1: CLIENT -> SERVER:             <p>Vui lòng kiểm tra và hoàn thành thẻ trước khi hết hạn!</p>

1: CLIENT -> SERVER:         

1: CLIENT -> SERVER: 

1: CLIENT -> SERVER: .

2: SERVER -> CLIENT: 250 2.0.0 OK  1743835779 d9443c01a7336-229785adaeesm43522855ad.41 - gsmtp

1: CLIENT -> SERVER: QUIT

2: SERVER -> CLIENT: 221 2.0.0 closing connection d9443c01a7336-229785adaeesm43522855ad.41 - gsmtp

2: SERVER -> CLIENT: 220 smtp.gmail.com ESMTP 41be03b00d2f7-af9bc34ec32sm3982881a12.35 - gsmtp

1: CLIENT -> SERVER: EHLO localhost

2: SERVER -> CLIENT: 250-smtp.gmail.com at your service, [27.77.44.115]
250-SIZE 35882577
250-8BITMIME
250-STARTTLS
250-ENHANCEDSTATUSCODES
250-PIPELINING
250-CHUNKING
250 SMTPUTF8

1: CLIENT -> SERVER: STARTTLS

2: SERVER -> CLIENT: 220 2.0.0 Ready to start TLS

1: CLIENT -> SERVER: EHLO localhost

2: SERVER -> CLIENT: 250-smtp.gmail.com at your service, [27.77.44.115]
250-SIZE 35882577
250-8BITMIME
250-AUTH LOGIN PLAIN XOAUTH2 PLAIN-CLIENTTOKEN OAUTHBEARER XOAUTH
250-ENHANCEDSTATUSCODES
250-PIPELINING
250-CHUNKING
250 SMTPUTF8

1: CLIENT -> SERVER: AUTH LOGIN

2: SERVER -> CLIENT: 334 VXNlcm5hbWU6

1: CLIENT -> SERVER: [credentials hidden]
2: SERVER -> CLIENT: 334 UGFzc3dvcmQ6

1: CLIENT -> SERVER: [credentials hidden]
2: SERVER -> CLIENT: 235 2.7.0 Accepted

1: CLIENT -> SERVER: MAIL FROM:<dongtao805@gmail.com>

2: SERVER -> CLIENT: 250 2.1.0 OK 41be03b00d2f7-af9bc34ec32sm3982881a12.35 - gsmtp

1: CLIENT -> SERVER: RCPT TO:<dongtao805@gmail.com>

2: SERVER -> CLIENT: 250 2.1.5 OK 41be03b00d2f7-af9bc34ec32sm3982881a12.35 - gsmtp

1: CLIENT -> SERVER: DATA

2: SERVER -> CLIENT: 354 Go ahead 41be03b00d2f7-af9bc34ec32sm3982881a12.35 - gsmtp

1: CLIENT -> SERVER: Date: Sat, 5 Apr 2025 09:22:47 +0200

1: CLIENT -> SERVER: To: dongtao805@gmail.com

1: CLIENT -> SERVER: From: Task Manager <dongtao805@gmail.com>

1: CLIENT -> SERVER: Subject: =?iso-8859-1?Q?Th=C3=B4ng_b=C3=A1o:_Th=E1=BA=BB_g=E1=BA=A7n_h=E1=BA=BFt_h=E1=BA=A1n_-_Test_Card?=

1: CLIENT -> SERVER: Message-ID: <ADtFZDSRFsTkIW6w5ZWp6qcni9aB6h1E1dBcewRa8@localhost>

1: CLIENT -> SERVER: X-Mailer: PHPMailer 6.9.3 (https://github.com/PHPMailer/PHPMailer)

1: CLIENT -> SERVER: MIME-Version: 1.0

1: CLIENT -> SERVER: Content-Type: text/html; charset=iso-8859-1

1: CLIENT -> SERVER: Content-Transfer-Encoding: 8bit

1: CLIENT -> SERVER: 

1: CLIENT -> SERVER: 

1: CLIENT -> SERVER:             <h3>Thẻ gần hết hạn</h3>

1: CLIENT -> SERVER:             <p><strong>Tên thẻ:</strong> Test Card</p>

1: CLIENT -> SERVER:             <p><strong>Hạn chót:</strong> 05/04/2025 17:00</p>

1: CLIENT -> SERVER:             <p>Vui lòng kiểm tra và hoàn thành thẻ trước khi hết hạn!</p>

1: CLIENT -> SERVER:         

1: CLIENT -> SERVER: 

1: CLIENT -> SERVER: .

2: SERVER -> CLIENT: 250 2.0.0 OK  1743837772 41be03b00d2f7-af9bc34ec32sm3982881a12.35 - gsmtp

1: CLIENT -> SERVER: QUIT

2: SERVER -> CLIENT: 221 2.0.0 closing connection 41be03b00d2f7-af9bc34ec32sm3982881a12.35 - gsmtp

